../Drivers/CMSIS/Include/core_cm4.h:1684:22:__NVIC_EnableIRQ	16	static,ignoring_inline_asm
../Core/Src/SPI_stoplight.c:18:6:stoplight_initialize	184	static
../Core/Src/SPI_stoplight.c:135:6:stoplight_configure_interrupts	16	static
../Core/Src/SPI_stoplight.c:151:6:stoplight_slave_change_light	16	static
../Core/Src/SPI_stoplight.c:156:6:SPI1_IRQHandler	8	static
../Core/Src/SPI_stoplight.c:162:6:EXTI0_IRQHandler	8	static
../Core/Src/SPI_stoplight.c:168:6:EXTI1_IRQHandler	8	static
../Core/Src/SPI_stoplight.c:174:6:EXTI2_IRQHandler	8	static
../Core/Src/SPI_stoplight.c:180:6:EXTI3_IRQHandler	8	static
../Core/Src/SPI_stoplight.c:186:6:TIM2_IRQHandler	8	static
../Core/Src/SPI_stoplight.c:195:6:stoplight_handle_rx_data	8	static
../Core/Src/SPI_stoplight.c:213:6:stoplight_timer_handler	16	static
../Core/Src/SPI_stoplight.c:292:6:stoplight_night_mode	8	static
../Core/Src/SPI_stoplight.c:297:6:stoplight_pedestian_crossing	4	static
../Core/Src/SPI_stoplight.c:313:6:stoplight_emergency_mode	4	static
../Core/Src/SPI_stoplight.c:330:6:stoplight_out_of_order	8	static
