../Drivers/STM32F4xx_HAL_Driver/Src/STM32F401VE_spi_driver.c:10:13:spi_configure_device_mode	16	static
../Drivers/STM32F4xx_HAL_Driver/Src/STM32F401VE_spi_driver.c:16:13:spi_configure_phase_polarity	24	static
../Drivers/STM32F4xx_HAL_Driver/Src/STM32F401VE_spi_driver.c:24:13:spi_configure_lsbfirst	16	static
../Drivers/STM32F4xx_HAL_Driver/Src/STM32F401VE_spi_driver.c:30:13:spi_configure_ssm_master	16	static
../Drivers/STM32F4xx_HAL_Driver/Src/STM32F401VE_spi_driver.c:40:13:spi_configure_ssm_slave	16	static
../Drivers/STM32F4xx_HAL_Driver/Src/STM32F401VE_spi_driver.c:46:13:spi_configure_baud_rate_prescaler	16	static
../Drivers/STM32F4xx_HAL_Driver/Src/STM32F401VE_spi_driver.c:52:13:spi_configure_bidimode	16	static
../Drivers/STM32F4xx_HAL_Driver/Src/STM32F401VE_spi_driver.c:58:13:spi_configure_dff	16	static
../Drivers/STM32F4xx_HAL_Driver/Src/STM32F401VE_spi_driver.c:64:13:spi_enable	16	static
../Drivers/STM32F4xx_HAL_Driver/Src/STM32F401VE_spi_driver.c:69:13:spi_disable	16	static
../Drivers/STM32F4xx_HAL_Driver/Src/STM32F401VE_spi_driver.c:75:6:spi_init	16	static
../Drivers/STM32F4xx_HAL_Driver/Src/STM32F401VE_spi_driver.c:94:6:spi_master_tx	24	static
../Drivers/STM32F4xx_HAL_Driver/Src/STM32F401VE_spi_driver.c:104:6:spi_slave_tx	24	static
../Drivers/STM32F4xx_HAL_Driver/Src/STM32F401VE_spi_driver.c:118:6:spi_master_rx	32	static
../Drivers/STM32F4xx_HAL_Driver/Src/STM32F401VE_spi_driver.c:134:6:spi_slave_rx	24	static
../Drivers/STM32F4xx_HAL_Driver/Src/STM32F401VE_spi_driver.c:144:6:spi_enable_txe_interrupt	16	static
../Drivers/STM32F4xx_HAL_Driver/Src/STM32F401VE_spi_driver.c:149:6:spi_disable_txe_interrupt	16	static
../Drivers/STM32F4xx_HAL_Driver/Src/STM32F401VE_spi_driver.c:155:6:spi_enable_rxne_interrupt	16	static
../Drivers/STM32F4xx_HAL_Driver/Src/STM32F401VE_spi_driver.c:160:6:spi_disable_rxne_interrupt	16	static
../Drivers/STM32F4xx_HAL_Driver/Src/STM32F401VE_spi_driver.c:166:6:spi_irq_handler	24	static
../Drivers/STM32F4xx_HAL_Driver/Src/STM32F401VE_spi_driver.c:185:6:spi_handle_rx_interrupt	16	static
../Drivers/STM32F4xx_HAL_Driver/Src/STM32F401VE_spi_driver.c:208:6:spi_handle_tx_interrupt	16	static
../Drivers/STM32F4xx_HAL_Driver/Src/STM32F401VE_spi_driver.c:228:6:spi_close_tx_interrupt	16	static
../Drivers/STM32F4xx_HAL_Driver/Src/STM32F401VE_spi_driver.c:237:6:spi_close_rx_interrupt	16	static
../Drivers/STM32F4xx_HAL_Driver/Src/STM32F401VE_spi_driver.c:244:9:spi_bus_busy	16	static
