Archive member included to satisfy reference by file (symbol)

C:/ST/STM32CubeIDE_1.16.0/STM32CubeIDE/plugins/com.st.stm32cube.ide.mcu.externaltools.gnu-tools-for-stm32.12.3.rel1.win32_1.0.200.202406191623/tools/bin/../lib/gcc/arm-none-eabi/12.3.1/../../../../arm-none-eabi/lib/thumb/v7e-m+fp/hard\libc_nano.a(libc_a-exit.o)
                              C:/ST/STM32CubeIDE_1.16.0/STM32CubeIDE/plugins/com.st.stm32cube.ide.mcu.externaltools.gnu-tools-for-stm32.12.3.rel1.win32_1.0.200.202406191623/tools/bin/../lib/gcc/arm-none-eabi/12.3.1/../../../../arm-none-eabi/lib/thumb/v7e-m+fp/hard/crt0.o (exit)
C:/ST/STM32CubeIDE_1.16.0/STM32CubeIDE/plugins/com.st.stm32cube.ide.mcu.externaltools.gnu-tools-for-stm32.12.3.rel1.win32_1.0.200.202406191623/tools/bin/../lib/gcc/arm-none-eabi/12.3.1/../../../../arm-none-eabi/lib/thumb/v7e-m+fp/hard\libc_nano.a(libc_a-findfp.o)
                              C:/ST/STM32CubeIDE_1.16.0/STM32CubeIDE/plugins/com.st.stm32cube.ide.mcu.externaltools.gnu-tools-for-stm32.12.3.rel1.win32_1.0.200.202406191623/tools/bin/../lib/gcc/arm-none-eabi/12.3.1/../../../../arm-none-eabi/lib/thumb/v7e-m+fp/hard\libc_nano.a(libc_a-exit.o) (__stdio_exit_handler)
C:/ST/STM32CubeIDE_1.16.0/STM32CubeIDE/plugins/com.st.stm32cube.ide.mcu.externaltools.gnu-tools-for-stm32.12.3.rel1.win32_1.0.200.202406191623/tools/bin/../lib/gcc/arm-none-eabi/12.3.1/../../../../arm-none-eabi/lib/thumb/v7e-m+fp/hard\libc_nano.a(libc_a-fwalk.o)
                              C:/ST/STM32CubeIDE_1.16.0/STM32CubeIDE/plugins/com.st.stm32cube.ide.mcu.externaltools.gnu-tools-for-stm32.12.3.rel1.win32_1.0.200.202406191623/tools/bin/../lib/gcc/arm-none-eabi/12.3.1/../../../../arm-none-eabi/lib/thumb/v7e-m+fp/hard\libc_nano.a(libc_a-findfp.o) (_fwalk_sglue)
C:/ST/STM32CubeIDE_1.16.0/STM32CubeIDE/plugins/com.st.stm32cube.ide.mcu.externaltools.gnu-tools-for-stm32.12.3.rel1.win32_1.0.200.202406191623/tools/bin/../lib/gcc/arm-none-eabi/12.3.1/../../../../arm-none-eabi/lib/thumb/v7e-m+fp/hard\libc_nano.a(libc_a-stdio.o)
                              C:/ST/STM32CubeIDE_1.16.0/STM32CubeIDE/plugins/com.st.stm32cube.ide.mcu.externaltools.gnu-tools-for-stm32.12.3.rel1.win32_1.0.200.202406191623/tools/bin/../lib/gcc/arm-none-eabi/12.3.1/../../../../arm-none-eabi/lib/thumb/v7e-m+fp/hard\libc_nano.a(libc_a-findfp.o) (__sread)
C:/ST/STM32CubeIDE_1.16.0/STM32CubeIDE/plugins/com.st.stm32cube.ide.mcu.externaltools.gnu-tools-for-stm32.12.3.rel1.win32_1.0.200.202406191623/tools/bin/../lib/gcc/arm-none-eabi/12.3.1/../../../../arm-none-eabi/lib/thumb/v7e-m+fp/hard\libc_nano.a(libc_a-memset.o)
                              C:/ST/STM32CubeIDE_1.16.0/STM32CubeIDE/plugins/com.st.stm32cube.ide.mcu.externaltools.gnu-tools-for-stm32.12.3.rel1.win32_1.0.200.202406191623/tools/bin/../lib/gcc/arm-none-eabi/12.3.1/../../../../arm-none-eabi/lib/thumb/v7e-m+fp/hard/crt0.o (memset)
C:/ST/STM32CubeIDE_1.16.0/STM32CubeIDE/plugins/com.st.stm32cube.ide.mcu.externaltools.gnu-tools-for-stm32.12.3.rel1.win32_1.0.200.202406191623/tools/bin/../lib/gcc/arm-none-eabi/12.3.1/../../../../arm-none-eabi/lib/thumb/v7e-m+fp/hard\libc_nano.a(libc_a-closer.o)
                              C:/ST/STM32CubeIDE_1.16.0/STM32CubeIDE/plugins/com.st.stm32cube.ide.mcu.externaltools.gnu-tools-for-stm32.12.3.rel1.win32_1.0.200.202406191623/tools/bin/../lib/gcc/arm-none-eabi/12.3.1/../../../../arm-none-eabi/lib/thumb/v7e-m+fp/hard\libc_nano.a(libc_a-stdio.o) (_close_r)
C:/ST/STM32CubeIDE_1.16.0/STM32CubeIDE/plugins/com.st.stm32cube.ide.mcu.externaltools.gnu-tools-for-stm32.12.3.rel1.win32_1.0.200.202406191623/tools/bin/../lib/gcc/arm-none-eabi/12.3.1/../../../../arm-none-eabi/lib/thumb/v7e-m+fp/hard\libc_nano.a(libc_a-reent.o)
                              C:/ST/STM32CubeIDE_1.16.0/STM32CubeIDE/plugins/com.st.stm32cube.ide.mcu.externaltools.gnu-tools-for-stm32.12.3.rel1.win32_1.0.200.202406191623/tools/bin/../lib/gcc/arm-none-eabi/12.3.1/../../../../arm-none-eabi/lib/thumb/v7e-m+fp/hard\libc_nano.a(libc_a-closer.o) (errno)
C:/ST/STM32CubeIDE_1.16.0/STM32CubeIDE/plugins/com.st.stm32cube.ide.mcu.externaltools.gnu-tools-for-stm32.12.3.rel1.win32_1.0.200.202406191623/tools/bin/../lib/gcc/arm-none-eabi/12.3.1/../../../../arm-none-eabi/lib/thumb/v7e-m+fp/hard\libc_nano.a(libc_a-impure.o)
                              C:/ST/STM32CubeIDE_1.16.0/STM32CubeIDE/plugins/com.st.stm32cube.ide.mcu.externaltools.gnu-tools-for-stm32.12.3.rel1.win32_1.0.200.202406191623/tools/bin/../lib/gcc/arm-none-eabi/12.3.1/../../../../arm-none-eabi/lib/thumb/v7e-m+fp/hard\libc_nano.a(libc_a-reent.o) (_impure_ptr)
C:/ST/STM32CubeIDE_1.16.0/STM32CubeIDE/plugins/com.st.stm32cube.ide.mcu.externaltools.gnu-tools-for-stm32.12.3.rel1.win32_1.0.200.202406191623/tools/bin/../lib/gcc/arm-none-eabi/12.3.1/../../../../arm-none-eabi/lib/thumb/v7e-m+fp/hard\libc_nano.a(libc_a-lseekr.o)
[...]
Memory Configuration

Name             Origin             Length             Attributes
RAM              0x20000000         0x00018000         xrw
FLASH            0x08000000         0x00080000         xr
*default*        0x00000000         0xffffffff

Linker script and memory map

LOAD C:/ST/STM32CubeIDE_1.16.0/STM32CubeIDE/plugins/com.st.stm32cube.ide.mcu.externaltools.gnu-tools-for-stm32.12.3.rel1.win32_1.0.200.202406191623/tools/bin/../lib/gcc/arm-none-eabi/12.3.1/thumb/v7e-m+fp/hard/crti.o
LOAD C:/ST/STM32CubeIDE_1.16.0/STM32CubeIDE/plugins/com.st.stm32cube.ide.mcu.externaltools.gnu-tools-for-stm32.12.3.rel1.win32_1.0.200.202406191623/tools/bin/../lib/gcc/arm-none-eabi/12.3.1/thumb/v7e-m+fp/hard/crtbegin.o
LOAD C:/ST/STM32CubeIDE_1.16.0/STM32CubeIDE/plugins/com.st.stm32cube.ide.mcu.externaltools.gnu-tools-for-stm32.12.3.rel1.win32_1.0.200.202406191623/tools/bin/../lib/gcc/arm-none-eabi/12.3.1/../../../../arm-none-eabi/lib/thumb/v7e-m+fp/hard/crt0.o
LOAD ./Core/Src/main.o
LOAD ./Core/Src/syscalls.o
LOAD ./Core/Src/sysmem.o
LOAD ./Core/Src/system_stm32f4xx.o
LOAD ./Core/Startup/startup_stm32f401vehx.o
LOAD ./Drivers/STM32F4xx_HAL_Driver/Src/STM32F401VE_SPI_driver.o
START GROUP
LOAD C:/ST/STM32CubeIDE_1.16.0/STM32CubeIDE/plugins/com.st.stm32cube.ide.mcu.externaltools.gnu-tools-for-stm32.12.3.rel1.win32_1.0.200.202406191623/tools/bin/../lib/gcc/arm-none-eabi/12.3.1/../../../../arm-none-eabi/lib/thumb/v7e-m+fp/hard\libc_nano.a
LOAD C:/ST/STM32CubeIDE_1.16.0/STM32CubeIDE/plugins/com.st.stm32cube.ide.mcu.externaltools.gnu-tools-for-stm32.12.3.rel1.win32_1.0.200.202406191623/tools/bin/../lib/gcc/arm-none-eabi/12.3.1/../../../../arm-none-eabi/lib/thumb/v7e-m+fp/hard\libm.a
END GROUP
START GROUP
LOAD C:/ST/STM32CubeIDE_1.16.0/STM32CubeIDE/plugins/com.st.stm32cube.ide.mcu.externaltools.gnu-tools-for-stm32.12.3.rel1.win32_1.0.200.202406191623/tools/bin/../lib/gcc/arm-none-eabi/12.3.1/thumb/v7e-m+fp/hard\libgcc.a
LOAD C:/ST/STM32CubeIDE_1.16.0/STM32CubeIDE/plugins/com.st.stm32cube.ide.mcu.externaltools.gnu-tools-for-stm32.12.3.rel1.win32_1.0.200.202406191623/tools/bin/../lib/gcc/arm-none-eabi/12.3.1/../../../../arm-none-eabi/lib/thumb/v7e-m+fp/hard\libc_nano.a
END GROUP
START GROUP
LOAD C:/ST/STM32CubeIDE_1.16.0/STM32CubeIDE/plugins/com.st.stm32cube.ide.mcu.externaltools.gnu-tools-for-stm32.12.3.rel1.win32_1.0.200.202406191623/tools/bin/../lib/gcc/arm-none-eabi/12.3.1/thumb/v7e-m+fp/hard\libgcc.a
LOAD C:/ST/STM32CubeIDE_1.16.0/STM32CubeIDE/plugins/com.st.stm32cube.ide.mcu.externaltools.gnu-tools-for-stm32.12.3.rel1.win32_1.0.200.202406191623/tools/bin/../lib/gcc/arm-none-eabi/12.3.1/../../../../arm-none-eabi/lib/thumb/v7e-m+fp/hard\libc_nano.a
LOAD C:/ST/STM32CubeIDE_1.16.0/STM32CubeIDE/plugins/com.st.stm32cube.ide.mcu.externaltools.gnu-tools-for-stm32.12.3.rel1.win32_1.0.200.202406191623/tools/bin/../lib/gcc/arm-none-eabi/12.3.1/../../../../arm-none-eabi/lib/thumb/v7e-m+fp/hard\libnosys.a
END GROUP
START GROUP
LOAD C:/ST/STM32CubeIDE_1.16.0/STM32CubeIDE/plugins/com.st.stm32cube.ide.mcu.externaltools.gnu-tools-for-stm32.12.3.rel1.win32_1.0.200.202406191623/tools/bin/../lib/gcc/arm-none-eabi/12.3.1/thumb/v7e-m+fp/hard\libgcc.a
LOAD C:/ST/STM32CubeIDE_1.16.0/STM32CubeIDE/plugins/com.st.stm32cube.ide.mcu.externaltools.gnu-tools-for-stm32.12.3.rel1.win32_1.0.200.202406191623/tools/bin/../lib/gcc/arm-none-eabi/12.3.1/../../../../arm-none-eabi/lib/thumb/v7e-m+fp/hard\libc_nano.a
LOAD C:/ST/STM32CubeIDE_1.16.0/STM32CubeIDE/plugins/com.st.stm32cube.ide.mcu.externaltools.gnu-tools-for-stm32.12.3.rel1.win32_1.0.200.202406191623/tools/bin/../lib/gcc/arm-none-eabi/12.3.1/../../../../arm-none-eabi/lib/thumb/v7e-m+fp/hard\libnosys.a
END GROUP
LOAD C:/ST/STM32CubeIDE_1.16.0/STM32CubeIDE/plugins/com.st.stm32cube.ide.mcu.externaltools.gnu-tools-for-stm32.12.3.rel1.win32_1.0.200.202406191623/tools/bin/../lib/gcc/arm-none-eabi/12.3.1/thumb/v7e-m+fp/hard/crtend.o
LOAD C:/ST/STM32CubeIDE_1.16.0/STM32CubeIDE/plugins/com.st.stm32cube.ide.mcu.externaltools.gnu-tools-for-stm32.12.3.rel1.win32_1.0.200.202406191623/tools/bin/../lib/gcc/arm-none-eabi/12.3.1/thumb/v7e-m+fp/hard/crtn.o
                0x20018000                        _estack = (ORIGIN (RAM) + LENGTH (RAM))
                0x00000200                        _Min_Heap_Size = 0x200
                0x00000400                        _Min_Stack_Size = 0x400

.isr_vector     0x08000000      0x194
                0x08000000                        . = ALIGN (0x4)
 *(.isr_vector)
 .isr_vector    0x08000000      0x194 ./Core/Startup/startup_stm32f401vehx.o
                0x08000000                g_pfnVectors
                0x08000194                        . = ALIGN (0x4)

.text           0x08000194      0x9cc
                0x08000194                        . = ALIGN (0x4)
 *(.text)
 .text          0x08000194       0x40 C:/ST/STM32CubeIDE_1.16.0/STM32CubeIDE/plugins/com.st.stm32cube.ide.mcu.externaltools.gnu-tools-for-stm32.12.3.rel1.win32_1.0.200.202406191623/tools/bin/../lib/gcc/arm-none-eabi/12.3.1/thumb/v7e-m+fp/hard/crtbegin.o
 *(.text*)
 .text.main     0x080001d4      0x238 ./Core/Src/main.o
                0x080001d4                main
 .text.SystemClock_Config
                0x0800040c        0xe ./Core/Src/main.o
                0x0800040c                SystemClock_Config
 *fill*         0x0800041a        0x2 
 .text.SystemInit
                0x0800041c       0x24 ./Core/Src/system_stm32f4xx.o
                0x0800041c                SystemInit
 .text.Reset_Handler
                0x08000440       0x50 ./Core/Startup/startup_stm32f401vehx.o
                0x08000440                Reset_Handler
 .text.Default_Handler
                0x08000490        0x2 ./Core/Startup/startup_stm32f401vehx.o
                0x08000490                RTC_Alarm_IRQHandler
                0x08000490                EXTI2_IRQHandler
                0x08000490                DebugMon_Handler
                0x08000490                SPI4_IRQHandler
                0x08000490                TIM1_CC_IRQHandler
                0x08000490                DMA2_Stream5_IRQHandler
                0x08000490                HardFault_Handler
                0x08000490                DMA1_Stream5_IRQHandler
                0x08000490                SysTick_Handler
                0x08000490                PVD_IRQHandler
                0x08000490                SDIO_IRQHandler
                0x08000490                TAMP_STAMP_IRQHandler
                0x08000490                PendSV_Handler
                0x08000490                NMI_Handler
                0x08000490                EXTI3_IRQHandler
                0x08000490                TIM1_UP_TIM10_IRQHandler
                0x08000490                I2C3_ER_IRQHandler
                0x08000490                EXTI0_IRQHandler
                0x08000490                I2C2_EV_IRQHandler
                0x08000490                DMA1_Stream2_IRQHandler
                0x08000490                FPU_IRQHandler
                0x08000490                UsageFault_Handler
                0x08000490                DMA2_Stream2_IRQHandler
                0x08000490                SPI1_IRQHandler
                0x08000490                TIM1_BRK_TIM9_IRQHandler
                0x08000490                DMA2_Stream3_IRQHandler
                0x08000490                USART6_IRQHandler
                0x08000490                DMA2_Stream0_IRQHandler
                0x08000490                TIM4_IRQHandler
                0x08000490                I2C1_EV_IRQHandler
                0x08000490                DMA1_Stream6_IRQHandler
                0x08000490                DMA1_Stream1_IRQHandler
                0x08000490                TIM3_IRQHandler
                0x08000490                RCC_IRQHandler
                0x08000490                Default_Handler
                0x08000490                EXTI15_10_IRQHandler
                0x08000490                ADC_IRQHandler
                0x08000490                DMA1_Stream7_IRQHandler
                0x08000490                TIM5_IRQHandler
                0x08000490                DMA2_Stream7_IRQHandler
                0x08000490                I2C3_EV_IRQHandler
                0x08000490                EXTI9_5_IRQHandler
                0x08000490                RTC_WKUP_IRQHandler
                0x08000490                SPI2_IRQHandler
                0x08000490                MemManage_Handler
                0x08000490                DMA1_Stream0_IRQHandler
                0x08000490                SVC_Handler
                0x08000490                EXTI4_IRQHandler
                0x08000490                WWDG_IRQHandler
                0x08000490                TIM2_IRQHandler
                0x08000490                OTG_FS_WKUP_IRQHandler
                0x08000490                TIM1_TRG_COM_TIM11_IRQHandler
                0x08000490                EXTI1_IRQHandler
                0x08000490                USART2_IRQHandler
                0x08000490                I2C2_ER_IRQHandler
                0x08000490                DMA2_Stream1_IRQHandler
                0x08000490                FLASH_IRQHandler
                0x08000490                DMA2_Stream4_IRQHandler
                0x08000490                BusFault_Handler
                0x08000490                USART1_IRQHandler
                0x08000490                OTG_FS_IRQHandler
                0x08000490                SPI3_IRQHandler
                0x08000490                DMA1_Stream4_IRQHandler
                0x08000490                I2C1_ER_IRQHandler
                0x08000490                DMA2_Stream6_IRQHandler
                0x08000490                DMA1_Stream3_IRQHandler
 *fill*         0x08000492        0x2 
 .text.spi_choose_type
                0x08000494       0x6c ./Drivers/STM32F4xx_HAL_Driver/Src/STM32F401VE_SPI_driver.o
                0x08000494                spi_choose_type
 .text.spi_configure_cr1
                0x08000500       0xa4 ./Drivers/STM32F4xx_HAL_Driver/Src/STM32F401VE_SPI_driver.o
                0x08000500                spi_configure_cr1
 .text.spi_configure_cr2
                0x080005a4       0x68 ./Drivers/STM32F4xx_HAL_Driver/Src/STM32F401VE_SPI_driver.o
                0x080005a4                spi_configure_cr2
 .text.spi_configure
                0x0800060c       0xdc ./Drivers/STM32F4xx_HAL_Driver/Src/STM32F401VE_SPI_driver.o
                0x0800060c                spi_configure
 .text.spi_cr1_configure_bidimode
                0x080006e8       0x32 ./Drivers/STM32F4xx_HAL_Driver/Src/STM32F401VE_SPI_driver.o
                0x080006e8                spi_cr1_configure_bidimode
 .text.spi_cr1_configure_bidioe
                0x0800071a       0x32 ./Drivers/STM32F4xx_HAL_Driver/Src/STM32F401VE_SPI_driver.o
                0x0800071a                spi_cr1_configure_bidioe
 .text.spi_cr1_configure_crcen
                0x0800074c       0x32 ./Drivers/STM32F4xx_HAL_Driver/Src/STM32F401VE_SPI_driver.o
                0x0800074c                spi_cr1_configure_crcen
 .text.spi_cr1_configure_crcnext
                0x0800077e       0x32 ./Drivers/STM32F4xx_HAL_Driver/Src/STM32F401VE_SPI_driver.o
                0x0800077e                spi_cr1_configure_crcnext
 .text.spi_cr1_configure_dff
                0x080007b0       0x32 ./Drivers/STM32F4xx_HAL_Driver/Src/STM32F401VE_SPI_driver.o
                0x080007b0                spi_cr1_configure_dff
 .text.spi_cr1_configure_rxonly
                0x080007e2       0x32 ./Drivers/STM32F4xx_HAL_Driver/Src/STM32F401VE_SPI_driver.o
                0x080007e2                spi_cr1_configure_rxonly
 .text.spi_cr1_configure_ssm
                0x08000814       0x32 ./Drivers/STM32F4xx_HAL_Driver/Src/STM32F401VE_SPI_driver.o
                0x08000814                spi_cr1_configure_ssm
 .text.spi_cr1_configure_ssi
                0x08000846       0x32 ./Drivers/STM32F4xx_HAL_Driver/Src/STM32F401VE_SPI_driver.o
                0x08000846                spi_cr1_configure_ssi
 .text.spi_cr1_configure_lsbfirst
                0x08000878       0x32 ./Drivers/STM32F4xx_HAL_Driver/Src/STM32F401VE_SPI_driver.o
                0x08000878                spi_cr1_configure_lsbfirst
 .text.spi_cr1_configure_spe
                0x080008aa       0x32 ./Drivers/STM32F4xx_HAL_Driver/Src/STM32F401VE_SPI_driver.o
                0x080008aa                spi_cr1_configure_spe
 .text.spi_cr1_configure_br
                0x080008dc       0x32 ./Drivers/STM32F4xx_HAL_Driver/Src/STM32F401VE_SPI_driver.o
                0x080008dc                spi_cr1_configure_br
 .text.spi_cr1_configure_mstr
                0x0800090e       0x32 ./Drivers/STM32F4xx_HAL_Driver/Src/STM32F401VE_SPI_driver.o
                0x0800090e                spi_cr1_configure_mstr
 .text.spi_cr1_configure_cpol
                0x08000940       0x32 ./Drivers/STM32F4xx_HAL_Driver/Src/STM32F401VE_SPI_driver.o
                0x08000940                spi_cr1_configure_cpol
 .text.spi_cr1_configure_cpha
                0x08000972       0x30 ./Drivers/STM32F4xx_HAL_Driver/Src/STM32F401VE_SPI_driver.o
                0x08000972                spi_cr1_configure_cpha
 .text.spi_cr2_configure_txeie
                0x080009a2       0x32 ./Drivers/STM32F4xx_HAL_Driver/Src/STM32F401VE_SPI_driver.o
                0x080009a2                spi_cr2_configure_txeie
 .text.spi_cr2_configure_rxneie
                0x080009d4       0x32 ./Drivers/STM32F4xx_HAL_Driver/Src/STM32F401VE_SPI_driver.o
                0x080009d4                spi_cr2_configure_rxneie
 .text.spi_cr2_configure_errie
                0x08000a06       0x32 ./Drivers/STM32F4xx_HAL_Driver/Src/STM32F401VE_SPI_driver.o
                0x08000a06                spi_cr2_configure_errie
 .text.spi_cr2_configure_frf
                0x08000a38       0x32 ./Drivers/STM32F4xx_HAL_Driver/Src/STM32F401VE_SPI_driver.o
                0x08000a38                spi_cr2_configure_frf
 .text.spi_cr2_configure_ssoe
                0x08000a6a       0x32 ./Drivers/STM32F4xx_HAL_Driver/Src/STM32F401VE_SPI_driver.o
                0x08000a6a                spi_cr2_configure_ssoe
 .text.spi_cr2_configure_txdmaen
                0x08000a9c       0x32 ./Drivers/STM32F4xx_HAL_Driver/Src/STM32F401VE_SPI_driver.o
                0x08000a9c                spi_cr2_configure_txdmaen
 .text.spi_cr2_configure_rxdmaen
                0x08000ace       0x30 ./Drivers/STM32F4xx_HAL_Driver/Src/STM32F401VE_SPI_driver.o
                0x08000ace                spi_cr2_configure_rxdmaen
 *fill*         0x08000afe        0x2 
 .text.__libc_init_array
                0x08000b00       0x48 C:/ST/STM32CubeIDE_1.16.0/STM32CubeIDE/plugins/com.st.stm32cube.ide.mcu.externaltools.gnu-tools-for-stm32.12.3.rel1.win32_1.0.200.202406191623/tools/bin/../lib/gcc/arm-none-eabi/12.3.1/../../../../arm-none-eabi/lib/thumb/v7e-m+fp/hard\libc_nano.a(libc_a-init.o)
                0x08000b00                __libc_init_array
 *(.glue_7)
 .glue_7        0x08000b48        0x0 linker stubs
 *(.glue_7t)
 .glue_7t       0x08000b48        0x0 linker stubs
 *(.eh_frame)
 .eh_frame      0x08000b48        0x0 C:/ST/STM32CubeIDE_1.16.0/STM32CubeIDE/plugins/com.st.stm32cube.ide.mcu.externaltools.gnu-tools-for-stm32.12.3.rel1.win32_1.0.200.202406191623/tools/bin/../lib/gcc/arm-none-eabi/12.3.1/thumb/v7e-m+fp/hard/crtbegin.o
 *(.init)
 .init          0x08000b48        0x4 C:/ST/STM32CubeIDE_1.16.0/STM32CubeIDE/plugins/com.st.stm32cube.ide.mcu.externaltools.gnu-tools-for-stm32.12.3.rel1.win32_1.0.200.202406191623/tools/bin/../lib/gcc/arm-none-eabi/12.3.1/thumb/v7e-m+fp/hard/crti.o
                0x08000b48                _init
 .init          0x08000b4c        0x8 C:/ST/STM32CubeIDE_1.16.0/STM32CubeIDE/plugins/com.st.stm32cube.ide.mcu.externaltools.gnu-tools-for-stm32.12.3.rel1.win32_1.0.200.202406191623/tools/bin/../lib/gcc/arm-none-eabi/12.3.1/thumb/v7e-m+fp/hard/crtn.o
 *(.fini)
 .fini          0x08000b54        0x4 C:/ST/STM32CubeIDE_1.16.0/STM32CubeIDE/plugins/com.st.stm32cube.ide.mcu.externaltools.gnu-tools-for-stm32.12.3.rel1.win32_1.0.200.202406191623/tools/bin/../lib/gcc/arm-none-eabi/12.3.1/thumb/v7e-m+fp/hard/crti.o
                0x08000b54                _fini
 .fini          0x08000b58        0x8 C:/ST/STM32CubeIDE_1.16.0/STM32CubeIDE/plugins/com.st.stm32cube.ide.mcu.externaltools.gnu-tools-for-stm32.12.3.rel1.win32_1.0.200.202406191623/tools/bin/../lib/gcc/arm-none-eabi/12.3.1/thumb/v7e-m+fp/hard/crtn.o
                0x08000b60                        . = ALIGN (0x4)
                0x08000b60                        _etext = .

.vfp11_veneer   0x08000b60        0x0
 .vfp11_veneer  0x08000b60        0x0 linker stubs

.v4_bx          0x08000b60        0x0
 .v4_bx         0x08000b60        0x0 linker stubs

.iplt           0x08000b60        0x0
 .iplt          0x08000b60        0x0 C:/ST/STM32CubeIDE_1.16.0/STM32CubeIDE/plugins/com.st.stm32cube.ide.mcu.externaltools.gnu-tools-for-stm32.12.3.rel1.win32_1.0.200.202406191623/tools/bin/../lib/gcc/arm-none-eabi/12.3.1/thumb/v7e-m+fp/hard/crtbegin.o

.rodata         0x08000b60        0x0
                0x08000b60                        . = ALIGN (0x4)
 *(.rodata)
 *(.rodata*)
                0x08000b60                        . = ALIGN (0x4)

.ARM.extab      0x08000b60        0x0
                0x08000b60                        . = ALIGN (0x4)
 *(.ARM.extab* .gnu.linkonce.armextab.*)
                0x08000b60                        . = ALIGN (0x4)

.ARM            0x08000b60        0x0
                0x08000b60                        . = ALIGN (0x4)
                0x08000b60                        __exidx_start = .
 *(.ARM.exidx*)
                0x08000b60                        __exidx_end = .
                0x08000b60                        . = ALIGN (0x4)

.preinit_array  0x08000b60        0x0
                0x08000b60                        . = ALIGN (0x4)
                0x08000b60                        PROVIDE (__preinit_array_start = .)
 *(.preinit_array*)
                0x08000b60                        PROVIDE (__preinit_array_end = .)
                0x08000b60                        . = ALIGN (0x4)

.init_array     0x08000b60        0x4
                0x08000b60                        . = ALIGN (0x4)
                0x08000b60                        PROVIDE (__init_array_start = .)
 *(SORT_BY_NAME(.init_array.*))
 *(.init_array*)
 .init_array    0x08000b60        0x4 C:/ST/STM32CubeIDE_1.16.0/STM32CubeIDE/plugins/com.st.stm32cube.ide.mcu.externaltools.gnu-tools-for-stm32.12.3.rel1.win32_1.0.200.202406191623/tools/bin/../lib/gcc/arm-none-eabi/12.3.1/thumb/v7e-m+fp/hard/crtbegin.o
                0x08000b64                        PROVIDE (__init_array_end = .)
                0x08000b64                        . = ALIGN (0x4)

.fini_array     0x08000b64        0x4
                0x08000b64                        . = ALIGN (0x4)
                [!provide]                        PROVIDE (__fini_array_start = .)
 *(SORT_BY_NAME(.fini_array.*))
 *(.fini_array*)
 .fini_array    0x08000b64        0x4 C:/ST/STM32CubeIDE_1.16.0/STM32CubeIDE/plugins/com.st.stm32cube.ide.mcu.externaltools.gnu-tools-for-stm32.12.3.rel1.win32_1.0.200.202406191623/tools/bin/../lib/gcc/arm-none-eabi/12.3.1/thumb/v7e-m+fp/hard/crtbegin.o
                [!provide]                        PROVIDE (__fini_array_end = .)
                0x08000b68                        . = ALIGN (0x4)
                0x08000b68                        _sidata = LOADADDR (.data)

.rel.dyn        0x08000b68        0x0
 .rel.iplt      0x08000b68        0x0 C:/ST/STM32CubeIDE_1.16.0/STM32CubeIDE/plugins/com.st.stm32cube.ide.mcu.externaltools.gnu-tools-for-stm32.12.3.rel1.win32_1.0.200.202406191623/tools/bin/../lib/gcc/arm-none-eabi/12.3.1/thumb/v7e-m+fp/hard/crtbegin.o

.data           0x20000000        0x0 load address 0x08000b68
                0x20000000                        . = ALIGN (0x4)
                0x20000000                        _sdata = .
 *(.data)
 *(.data*)
 *(.RamFunc)
 *(.RamFunc*)
                0x20000000                        . = ALIGN (0x4)
                0x20000000                        _edata = .

.igot.plt       0x20000000        0x0 load address 0x08000b68
 .igot.plt      0x20000000        0x0 C:/ST/STM32CubeIDE_1.16.0/STM32CubeIDE/plugins/com.st.stm32cube.ide.mcu.externaltools.gnu-tools-for-stm32.12.3.rel1.win32_1.0.200.202406191623/tools/bin/../lib/gcc/arm-none-eabi/12.3.1/thumb/v7e-m+fp/hard/crtbegin.o
                0x20000000                        . = ALIGN (0x4)

.bss            0x20000000       0x1c load address 0x08000b68
                0x20000000                        _sbss = .
                0x20000000                        __bss_start__ = _sbss
 *(.bss)
 .bss           0x20000000       0x1c C:/ST/STM32CubeIDE_1.16.0/STM32CubeIDE/plugins/com.st.stm32cube.ide.mcu.externaltools.gnu-tools-for-stm32.12.3.rel1.win32_1.0.200.202406191623/tools/bin/../lib/gcc/arm-none-eabi/12.3.1/thumb/v7e-m+fp/hard/crtbegin.o
 *(.bss*)
 *(COMMON)
                0x2000001c                        . = ALIGN (0x4)
                0x2000001c                        _ebss = .
                0x2000001c                        __bss_end__ = _ebss

._user_heap_stack
                0x2000001c      0x604 load address 0x08000b68
                0x20000020                        . = ALIGN (0x8)
 *fill*         0x2000001c        0x4 
                [!provide]                        PROVIDE (end = .)
                0x20000020                        PROVIDE (_end = .)
                0x20000220                        . = (. + _Min_Heap_Size)
 *fill*         0x20000020      0x200 
                0x20000620                        . = (. + _Min_Stack_Size)
 *fill*         0x20000220      0x400 
                0x20000620                        . = ALIGN (0x8)

/DISCARD/
 libc.a(*)
 libm.a(*)
 libgcc.a(*)

.ARM.attributes
                0x00000000       0x30
 *(.ARM.attributes)
 .ARM.attributes
                0x00000000       0x22 C:/ST/STM32CubeIDE_1.16.0/STM32CubeIDE/plugins/com.st.stm32cube.ide.mcu.externaltools.gnu-tools-for-stm32.12.3.rel1.win32_1.0.200.202406191623/tools/bin/../lib/gcc/arm-none-eabi/12.3.1/thumb/v7e-m+fp/hard/crti.o
 .ARM.attributes
                0x00000022       0x34 C:/ST/STM32CubeIDE_1.16.0/STM32CubeIDE/plugins/com.st.stm32cube.ide.mcu.externaltools.gnu-tools-for-stm32.12.3.rel1.win32_1.0.200.202406191623/tools/bin/../lib/gcc/arm-none-eabi/12.3.1/thumb/v7e-m+fp/hard/crtbegin.o
 .ARM.attributes
                0x00000056       0x34 ./Core/Src/main.o
 .ARM.attributes
                0x0000008a       0x34 ./Core/Src/system_stm32f4xx.o
 .ARM.attributes
                0x000000be       0x21 ./Core/Startup/startup_stm32f401vehx.o
 .ARM.attributes
                0x000000df       0x34 ./Drivers/STM32F4xx_HAL_Driver/Src/STM32F401VE_SPI_driver.o
 .ARM.attributes
                0x00000113       0x34 C:/ST/STM32CubeIDE_1.16.0/STM32CubeIDE/plugins/com.st.stm32cube.ide.mcu.externaltools.gnu-tools-for-stm32.12.3.rel1.win32_1.0.200.202406191623/tools/bin/../lib/gcc/arm-none-eabi/12.3.1/../../../../arm-none-eabi/lib/thumb/v7e-m+fp/hard\libc_nano.a(libc_a-init.o)
 .ARM.attributes
                0x00000147       0x22 C:/ST/STM32CubeIDE_1.16.0/STM32CubeIDE/plugins/com.st.stm32cube.ide.mcu.externaltools.gnu-tools-for-stm32.12.3.rel1.win32_1.0.200.202406191623/tools/bin/../lib/gcc/arm-none-eabi/12.3.1/thumb/v7e-m+fp/hard/crtn.o
OUTPUT(STM32F401VE GPIO drivers.elf elf32-littlearm)
LOAD linker stubs
LOAD C:/ST/STM32CubeIDE_1.16.0/STM32CubeIDE/plugins/com.st.stm32cube.ide.mcu.externaltools.gnu-tools-for-stm32.12.3.rel1.win32_1.0.200.202406191623/tools/bin/../lib/gcc/arm-none-eabi/12.3.1/../../../../arm-none-eabi/lib/thumb/v7e-m+fp/hard\libc.a
LOAD C:/ST/STM32CubeIDE_1.16.0/STM32CubeIDE/plugins/com.st.stm32cube.ide.mcu.externaltools.gnu-tools-for-stm32.12.3.rel1.win32_1.0.200.202406191623/tools/bin/../lib/gcc/arm-none-eabi/12.3.1/../../../../arm-none-eabi/lib/thumb/v7e-m+fp/hard\libm.a
LOAD C:/ST/STM32CubeIDE_1.16.0/STM32CubeIDE/plugins/com.st.stm32cube.ide.mcu.externaltools.gnu-tools-for-stm32.12.3.rel1.win32_1.0.200.202406191623/tools/bin/../lib/gcc/arm-none-eabi/12.3.1/thumb/v7e-m+fp/hard\libgcc.a

.debug_info     0x00000000     0x147f
 .debug_info    0x00000000      0x579 ./Core/Src/main.o
 .debug_info    0x00000579      0x537 ./Core/Src/system_stm32f4xx.o
 .debug_info    0x00000ab0       0x30 ./Core/Startup/startup_stm32f401vehx.o
 .debug_info    0x00000ae0      0x99f ./Drivers/STM32F4xx_HAL_Driver/Src/STM32F401VE_SPI_driver.o

.debug_abbrev   0x00000000      0x41e
 .debug_abbrev  0x00000000      0x18f ./Core/Src/main.o
 .debug_abbrev  0x0000018f      0x11a ./Core/Src/system_stm32f4xx.o
 .debug_abbrev  0x000002a9       0x24 ./Core/Startup/startup_stm32f401vehx.o
 .debug_abbrev  0x000002cd      0x151 ./Drivers/STM32F4xx_HAL_Driver/Src/STM32F401VE_SPI_driver.o

.debug_aranges  0x00000000      0x160
 .debug_aranges
                0x00000000       0x30 ./Core/Src/main.o
 .debug_aranges
                0x00000030       0x28 ./Core/Src/system_stm32f4xx.o
 .debug_aranges
                0x00000058       0x28 ./Core/Startup/startup_stm32f401vehx.o
 .debug_aranges
                0x00000080       0xe0 ./Drivers/STM32F4xx_HAL_Driver/Src/STM32F401VE_SPI_driver.o

.debug_rnglists
                0x00000000       0xf8
 .debug_rnglists
                0x00000000       0x20 ./Core/Src/main.o
 .debug_rnglists
                0x00000020       0x1a ./Core/Src/system_stm32f4xx.o
 .debug_rnglists
                0x0000003a       0x19 ./Core/Startup/startup_stm32f401vehx.o
 .debug_rnglists
                0x00000053       0xa5 ./Drivers/STM32F4xx_HAL_Driver/Src/STM32F401VE_SPI_driver.o

.debug_macro    0x00000000     0xdeeb
 .debug_macro   0x00000000       0xd8 ./Core/Src/main.o
 .debug_macro   0x000000d8      0xab4 ./Core/Src/main.o
 .debug_macro   0x00000b8c       0x28 ./Core/Src/main.o
 .debug_macro   0x00000bb4       0x22 ./Core/Src/main.o
 .debug_macro   0x00000bd6       0x8e ./Core/Src/main.o
 .debug_macro   0x00000c64       0x51 ./Core/Src/main.o
 .debug_macro   0x00000cb5      0x103 ./Core/Src/main.o
 .debug_macro   0x00000db8       0x6a ./Core/Src/main.o
 .debug_macro   0x00000e22      0x1df ./Core/Src/main.o
 .debug_macro   0x00001001       0x1c ./Core/Src/main.o
 .debug_macro   0x0000101d       0x22 ./Core/Src/main.o
 .debug_macro   0x0000103f       0xfb ./Core/Src/main.o
 .debug_macro   0x0000113a     0x1011 ./Core/Src/main.o
 .debug_macro   0x0000214b      0x11f ./Core/Src/main.o
 .debug_macro   0x0000226a     0xb86c ./Core/Src/main.o
 .debug_macro   0x0000dad6      0x1d2 ./Core/Src/main.o
 .debug_macro   0x0000dca8       0xda ./Core/Src/system_stm32f4xx.o
 .debug_macro   0x0000dd82       0x2e ./Core/Src/system_stm32f4xx.o
 .debug_macro   0x0000ddb0       0x6d ./Core/Src/system_stm32f4xx.o
 .debug_macro   0x0000de1d       0xce ./Drivers/STM32F4xx_HAL_Driver/Src/STM32F401VE_SPI_driver.o

.debug_line     0x00000000     0x1693
 .debug_line    0x00000000      0x755 ./Core/Src/main.o
 .debug_line    0x00000755      0x57d ./Core/Src/system_stm32f4xx.o
 .debug_line    0x00000cd2       0x7a ./Core/Startup/startup_stm32f401vehx.o
 .debug_line    0x00000d4c      0x947 ./Drivers/STM32F4xx_HAL_Driver/Src/STM32F401VE_SPI_driver.o

.debug_str      0x00000000    0x5048c
 .debug_str     0x00000000    0x4f99e ./Core/Src/main.o
                              0x4fb8a (size before relaxing)
 .debug_str     0x0004f99e      0x843 ./Core/Src/system_stm32f4xx.o
                              0x4f95c (size before relaxing)
 .debug_str     0x000501e1       0x44 ./Core/Startup/startup_stm32f401vehx.o
                                 0x98 (size before relaxing)
 .debug_str     0x00050225      0x267 ./Drivers/STM32F4xx_HAL_Driver/Src/STM32F401VE_SPI_driver.o
                              0x4fd4f (size before relaxing)

.comment        0x00000000       0x43
 .comment       0x00000000       0x43 ./Core/Src/main.o
                                 0x44 (size before relaxing)
 .comment       0x00000043       0x44 ./Core/Src/system_stm32f4xx.o
 .comment       0x00000043       0x44 ./Drivers/STM32F4xx_HAL_Driver/Src/STM32F401VE_SPI_driver.o

.debug_frame    0x00000000      0x4e4
 .debug_frame   0x00000000       0x68 ./Core/Src/main.o
 .debug_frame   0x00000068       0x58 ./Core/Src/system_stm32f4xx.o
 .debug_frame   0x000000c0      0x3f8 ./Drivers/STM32F4xx_HAL_Driver/Src/STM32F401VE_SPI_driver.o
 .debug_frame   0x000004b8       0x2c C:/ST/STM32CubeIDE_1.16.0/STM32CubeIDE/plugins/com.st.stm32cube.ide.mcu.externaltools.gnu-tools-for-stm32.12.3.rel1.win32_1.0.200.202406191623/tools/bin/../lib/gcc/arm-none-eabi/12.3.1/../../../../arm-none-eabi/lib/thumb/v7e-m+fp/hard\libc_nano.a(libc_a-init.o)

.debug_line_str
                0x00000000       0x7c
 .debug_line_str
                0x00000000       0x7c ./Core/Startup/startup_stm32f401vehx.o
