Archive member included to satisfy reference by file (symbol)

C:/ST/STM32CubeIDE_1.16.0/STM32CubeIDE/plugins/com.st.stm32cube.ide.mcu.externaltools.gnu-tools-for-stm32.12.3.rel1.win32_1.0.200.202406191623/tools/bin/../lib/gcc/arm-none-eabi/12.3.1/../../../../arm-none-eabi/lib/thumb/v7e-m+fp/hard\libc_nano.a(libc_a-exit.o)
                              C:/ST/STM32CubeIDE_1.16.0/STM32CubeIDE/plugins/com.st.stm32cube.ide.mcu.externaltools.gnu-tools-for-stm32.12.3.rel1.win32_1.0.200.202406191623/tools/bin/../lib/gcc/arm-none-eabi/12.3.1/../../../../arm-none-eabi/lib/thumb/v7e-m+fp/hard/crt0.o (exit)
C:/ST/STM32CubeIDE_1.16.0/STM32CubeIDE/plugins/com.st.stm32cube.ide.mcu.externaltools.gnu-tools-for-stm32.12.3.rel1.win32_1.0.200.202406191623/tools/bin/../lib/gcc/arm-none-eabi/12.3.1/../../../../arm-none-eabi/lib/thumb/v7e-m+fp/hard\libc_nano.a(libc_a-findfp.o)
                              C:/ST/STM32CubeIDE_1.16.0/STM32CubeIDE/plugins/com.st.stm32cube.ide.mcu.externaltools.gnu-tools-for-stm32.12.3.rel1.win32_1.0.200.202406191623/tools/bin/../lib/gcc/arm-none-eabi/12.3.1/../../../../arm-none-eabi/lib/thumb/v7e-m+fp/hard\libc_nano.a(libc_a-exit.o) (__stdio_exit_handler)
C:/ST/STM32CubeIDE_1.16.0/STM32CubeIDE/plugins/com.st.stm32cube.ide.mcu.externaltools.gnu-tools-for-stm32.12.3.rel1.win32_1.0.200.202406191623/tools/bin/../lib/gcc/arm-none-eabi/12.3.1/../../../../arm-none-eabi/lib/thumb/v7e-m+fp/hard\libc_nano.a(libc_a-fwalk.o)
                              C:/ST/STM32CubeIDE_1.16.0/STM32CubeIDE/plugins/com.st.stm32cube.ide.mcu.externaltools.gnu-tools-for-stm32.12.3.rel1.win32_1.0.200.202406191623/tools/bin/../lib/gcc/arm-none-eabi/12.3.1/../../../../arm-none-eabi/lib/thumb/v7e-m+fp/hard\libc_nano.a(libc_a-findfp.o) (_fwalk_sglue)
C:/ST/STM32CubeIDE_1.16.0/STM32CubeIDE/plugins/com.st.stm32cube.ide.mcu.externaltools.gnu-tools-for-stm32.12.3.rel1.win32_1.0.200.202406191623/tools/bin/../lib/gcc/arm-none-eabi/12.3.1/../../../../arm-none-eabi/lib/thumb/v7e-m+fp/hard\libc_nano.a(libc_a-stdio.o)
                              C:/ST/STM32CubeIDE_1.16.0/STM32CubeIDE/plugins/com.st.stm32cube.ide.mcu.externaltools.gnu-tools-for-stm32.12.3.rel1.win32_1.0.200.202406191623/tools/bin/../lib/gcc/arm-none-eabi/12.3.1/../../../../arm-none-eabi/lib/thumb/v7e-m+fp/hard\libc_nano.a(libc_a-findfp.o) (__sread)
C:/ST/STM32CubeIDE_1.16.0/STM32CubeIDE/plugins/com.st.stm32cube.ide.mcu.externaltools.gnu-tools-for-stm32.12.3.rel1.win32_1.0.200.202406191623/tools/bin/../lib/gcc/arm-none-eabi/12.3.1/../../../../arm-none-eabi/lib/thumb/v7e-m+fp/hard\libc_nano.a(libc_a-memset.o)
                              C:/ST/STM32CubeIDE_1.16.0/STM32CubeIDE/plugins/com.st.stm32cube.ide.mcu.externaltools.gnu-tools-for-stm32.12.3.rel1.win32_1.0.200.202406191623/tools/bin/../lib/gcc/arm-none-eabi/12.3.1/../../../../arm-none-eabi/lib/thumb/v7e-m+fp/hard/crt0.o (memset)
C:/ST/STM32CubeIDE_1.16.0/STM32CubeIDE/plugins/com.st.stm32cube.ide.mcu.externaltools.gnu-tools-for-stm32.12.3.rel1.win32_1.0.200.202406191623/tools/bin/../lib/gcc/arm-none-eabi/12.3.1/../../../../arm-none-eabi/lib/thumb/v7e-m+fp/hard\libc_nano.a(libc_a-closer.o)
                              C:/ST/STM32CubeIDE_1.16.0/STM32CubeIDE/plugins/com.st.stm32cube.ide.mcu.externaltools.gnu-tools-for-stm32.12.3.rel1.win32_1.0.200.202406191623/tools/bin/../lib/gcc/arm-none-eabi/12.3.1/../../../../arm-none-eabi/lib/thumb/v7e-m+fp/hard\libc_nano.a(libc_a-stdio.o) (_close_r)
C:/ST/STM32CubeIDE_1.16.0/STM32CubeIDE/plugins/com.st.stm32cube.ide.mcu.externaltools.gnu-tools-for-stm32.12.3.rel1.win32_1.0.200.202406191623/tools/bin/../lib/gcc/arm-none-eabi/12.3.1/../../../../arm-none-eabi/lib/thumb/v7e-m+fp/hard\libc_nano.a(libc_a-reent.o)
                              C:/ST/STM32CubeIDE_1.16.0/STM32CubeIDE/plugins/com.st.stm32cube.ide.mcu.externaltools.gnu-tools-for-stm32.12.3.rel1.win32_1.0.200.202406191623/tools/bin/../lib/gcc/arm-none-eabi/12.3.1/../../../../arm-none-eabi/lib/thumb/v7e-m+fp/hard\libc_nano.a(libc_a-closer.o) (errno)
C:/ST/STM32CubeIDE_1.16.0/STM32CubeIDE/plugins/com.st.stm32cube.ide.mcu.externaltools.gnu-tools-for-stm32.12.3.rel1.win32_1.0.200.202406191623/tools/bin/../lib/gcc/arm-none-eabi/12.3.1/../../../../arm-none-eabi/lib/thumb/v7e-m+fp/hard\libc_nano.a(libc_a-impure.o)
                              C:/ST/STM32CubeIDE_1.16.0/STM32CubeIDE/plugins/com.st.stm32cube.ide.mcu.externaltools.gnu-tools-for-stm32.12.3.rel1.win32_1.0.200.202406191623/tools/bin/../lib/gcc/arm-none-eabi/12.3.1/../../../../arm-none-eabi/lib/thumb/v7e-m+fp/hard\libc_nano.a(libc_a-reent.o) (_impure_ptr)
C:/ST/STM32CubeIDE_1.16.0/STM32CubeIDE/plugins/com.st.stm32cube.ide.mcu.externaltools.gnu-tools-for-stm32.12.3.rel1.win32_1.0.200.202406191623/tools/bin/../lib/gcc/arm-none-eabi/12.3.1/../../../../arm-none-eabi/lib/thumb/v7e-m+fp/hard\libc_nano.a(libc_a-lseekr.o)
[...]
Memory Configuration

Name             Origin             Length             Attributes
RAM              0x20000000         0x00018000         xrw
FLASH            0x08000000         0x00080000         xr
*default*        0x00000000         0xffffffff

Linker script and memory map

LOAD C:/ST/STM32CubeIDE_1.16.0/STM32CubeIDE/plugins/com.st.stm32cube.ide.mcu.externaltools.gnu-tools-for-stm32.12.3.rel1.win32_1.0.200.202406191623/tools/bin/../lib/gcc/arm-none-eabi/12.3.1/thumb/v7e-m+fp/hard/crti.o
LOAD C:/ST/STM32CubeIDE_1.16.0/STM32CubeIDE/plugins/com.st.stm32cube.ide.mcu.externaltools.gnu-tools-for-stm32.12.3.rel1.win32_1.0.200.202406191623/tools/bin/../lib/gcc/arm-none-eabi/12.3.1/thumb/v7e-m+fp/hard/crtbegin.o
LOAD C:/ST/STM32CubeIDE_1.16.0/STM32CubeIDE/plugins/com.st.stm32cube.ide.mcu.externaltools.gnu-tools-for-stm32.12.3.rel1.win32_1.0.200.202406191623/tools/bin/../lib/gcc/arm-none-eabi/12.3.1/../../../../arm-none-eabi/lib/thumb/v7e-m+fp/hard/crt0.o
LOAD ./Core/Src/USART_smart_home.o
LOAD ./Core/Src/main.o
LOAD ./Core/Src/syscalls.o
LOAD ./Core/Src/sysmem.o
LOAD ./Core/Src/system_stm32f4xx.o
LOAD ./Core/Startup/startup_stm32f401vehx.o
LOAD ./Drivers/STM32F4xx_HAL_Driver/Src/STM32F401VE_GPIO_driver.o
LOAD ./Drivers/STM32F4xx_HAL_Driver/Src/STM32F401VE_USART_driver.o
START GROUP
LOAD C:/ST/STM32CubeIDE_1.16.0/STM32CubeIDE/plugins/com.st.stm32cube.ide.mcu.externaltools.gnu-tools-for-stm32.12.3.rel1.win32_1.0.200.202406191623/tools/bin/../lib/gcc/arm-none-eabi/12.3.1/../../../../arm-none-eabi/lib/thumb/v7e-m+fp/hard\libc_nano.a
LOAD C:/ST/STM32CubeIDE_1.16.0/STM32CubeIDE/plugins/com.st.stm32cube.ide.mcu.externaltools.gnu-tools-for-stm32.12.3.rel1.win32_1.0.200.202406191623/tools/bin/../lib/gcc/arm-none-eabi/12.3.1/../../../../arm-none-eabi/lib/thumb/v7e-m+fp/hard\libm.a
END GROUP
START GROUP
LOAD C:/ST/STM32CubeIDE_1.16.0/STM32CubeIDE/plugins/com.st.stm32cube.ide.mcu.externaltools.gnu-tools-for-stm32.12.3.rel1.win32_1.0.200.202406191623/tools/bin/../lib/gcc/arm-none-eabi/12.3.1/thumb/v7e-m+fp/hard\libgcc.a
LOAD C:/ST/STM32CubeIDE_1.16.0/STM32CubeIDE/plugins/com.st.stm32cube.ide.mcu.externaltools.gnu-tools-for-stm32.12.3.rel1.win32_1.0.200.202406191623/tools/bin/../lib/gcc/arm-none-eabi/12.3.1/../../../../arm-none-eabi/lib/thumb/v7e-m+fp/hard\libc_nano.a
END GROUP
START GROUP
LOAD C:/ST/STM32CubeIDE_1.16.0/STM32CubeIDE/plugins/com.st.stm32cube.ide.mcu.externaltools.gnu-tools-for-stm32.12.3.rel1.win32_1.0.200.202406191623/tools/bin/../lib/gcc/arm-none-eabi/12.3.1/thumb/v7e-m+fp/hard\libgcc.a
LOAD C:/ST/STM32CubeIDE_1.16.0/STM32CubeIDE/plugins/com.st.stm32cube.ide.mcu.externaltools.gnu-tools-for-stm32.12.3.rel1.win32_1.0.200.202406191623/tools/bin/../lib/gcc/arm-none-eabi/12.3.1/../../../../arm-none-eabi/lib/thumb/v7e-m+fp/hard\libc_nano.a
LOAD C:/ST/STM32CubeIDE_1.16.0/STM32CubeIDE/plugins/com.st.stm32cube.ide.mcu.externaltools.gnu-tools-for-stm32.12.3.rel1.win32_1.0.200.202406191623/tools/bin/../lib/gcc/arm-none-eabi/12.3.1/../../../../arm-none-eabi/lib/thumb/v7e-m+fp/hard\libnosys.a
END GROUP
START GROUP
LOAD C:/ST/STM32CubeIDE_1.16.0/STM32CubeIDE/plugins/com.st.stm32cube.ide.mcu.externaltools.gnu-tools-for-stm32.12.3.rel1.win32_1.0.200.202406191623/tools/bin/../lib/gcc/arm-none-eabi/12.3.1/thumb/v7e-m+fp/hard\libgcc.a
LOAD C:/ST/STM32CubeIDE_1.16.0/STM32CubeIDE/plugins/com.st.stm32cube.ide.mcu.externaltools.gnu-tools-for-stm32.12.3.rel1.win32_1.0.200.202406191623/tools/bin/../lib/gcc/arm-none-eabi/12.3.1/../../../../arm-none-eabi/lib/thumb/v7e-m+fp/hard\libc_nano.a
LOAD C:/ST/STM32CubeIDE_1.16.0/STM32CubeIDE/plugins/com.st.stm32cube.ide.mcu.externaltools.gnu-tools-for-stm32.12.3.rel1.win32_1.0.200.202406191623/tools/bin/../lib/gcc/arm-none-eabi/12.3.1/../../../../arm-none-eabi/lib/thumb/v7e-m+fp/hard\libnosys.a
END GROUP
LOAD C:/ST/STM32CubeIDE_1.16.0/STM32CubeIDE/plugins/com.st.stm32cube.ide.mcu.externaltools.gnu-tools-for-stm32.12.3.rel1.win32_1.0.200.202406191623/tools/bin/../lib/gcc/arm-none-eabi/12.3.1/thumb/v7e-m+fp/hard/crtend.o
LOAD C:/ST/STM32CubeIDE_1.16.0/STM32CubeIDE/plugins/com.st.stm32cube.ide.mcu.externaltools.gnu-tools-for-stm32.12.3.rel1.win32_1.0.200.202406191623/tools/bin/../lib/gcc/arm-none-eabi/12.3.1/thumb/v7e-m+fp/hard/crtn.o
                0x20018000                        _estack = (ORIGIN (RAM) + LENGTH (RAM))
                0x00000200                        _Min_Heap_Size = 0x200
                0x00000400                        _Min_Stack_Size = 0x400

.isr_vector     0x08000000      0x194
                0x08000000                        . = ALIGN (0x4)
 *(.isr_vector)
 .isr_vector    0x08000000      0x194 ./Core/Startup/startup_stm32f401vehx.o
                0x08000000                g_pfnVectors
                0x08000194                        . = ALIGN (0x4)

.text           0x08000194     0x18ac
                0x08000194                        . = ALIGN (0x4)
 *(.text)
 .text          0x08000194       0x40 C:/ST/STM32CubeIDE_1.16.0/STM32CubeIDE/plugins/com.st.stm32cube.ide.mcu.externaltools.gnu-tools-for-stm32.12.3.rel1.win32_1.0.200.202406191623/tools/bin/../lib/gcc/arm-none-eabi/12.3.1/thumb/v7e-m+fp/hard/crtbegin.o
 *(.text*)
 .text.smarthome_initialize
                0x080001d4      0x24c ./Core/Src/USART_smart_home.o
                0x080001d4                smarthome_initialize
 .text.smarthome_configure_interrupts
                0x08000420       0x3e ./Core/Src/USART_smart_home.o
                0x08000420                smarthome_configure_interrupts
 .text.smarthome_change_state
                0x0800045e       0x2e ./Core/Src/USART_smart_home.o
                0x0800045e                smarthome_change_state
 .text.smarthome_change_device_state
                0x0800048c       0x9c ./Core/Src/USART_smart_home.o
                0x0800048c                smarthome_change_device_state
 .text.smarthome_change_temperature
                0x08000528       0x1e ./Core/Src/USART_smart_home.o
                0x08000528                smarthome_change_temperature
 *fill*         0x08000546        0x2 
 .text.smarthome_send_requested
                0x08000548      0x1d8 ./Core/Src/USART_smart_home.o
                0x08000548                smarthome_send_requested
 .text.USART1_IRQHandler
                0x08000720       0x50 ./Core/Src/USART_smart_home.o
                0x08000720                USART1_IRQHandler
 .text.EXTI0_IRQHandler
                0x08000770       0x34 ./Core/Src/USART_smart_home.o
                0x08000770                EXTI0_IRQHandler
 .text.EXTI3_IRQHandler
                0x080007a4       0x3c ./Core/Src/USART_smart_home.o
                0x080007a4                EXTI3_IRQHandler
 .text.EXTI4_IRQHandler
                0x080007e0       0x34 ./Core/Src/USART_smart_home.o
                0x080007e0                EXTI4_IRQHandler
 .text.main     0x08000814       0x14 ./Core/Src/main.o
                0x08000814                main
 .text.SystemClock_Config
                0x08000828        0xe ./Core/Src/main.o
                0x08000828                SystemClock_Config
 *fill*         0x08000836        0x2 
 .text.SystemInit
                0x08000838       0x24 ./Core/Src/system_stm32f4xx.o
                0x08000838                SystemInit
 .text.Reset_Handler
                0x0800085c       0x50 ./Core/Startup/startup_stm32f401vehx.o
                0x0800085c                Reset_Handler
 .text.Default_Handler
                0x080008ac        0x2 ./Core/Startup/startup_stm32f401vehx.o
                0x080008ac                RTC_Alarm_IRQHandler
                0x080008ac                EXTI2_IRQHandler
                0x080008ac                DebugMon_Handler
                0x080008ac                SPI4_IRQHandler
                0x080008ac                TIM1_CC_IRQHandler
                0x080008ac                DMA2_Stream5_IRQHandler
                0x080008ac                HardFault_Handler
                0x080008ac                DMA1_Stream5_IRQHandler
                0x080008ac                SysTick_Handler
                0x080008ac                PVD_IRQHandler
                0x080008ac                SDIO_IRQHandler
                0x080008ac                TAMP_STAMP_IRQHandler
                0x080008ac                PendSV_Handler
                0x080008ac                NMI_Handler
                0x080008ac                TIM1_UP_TIM10_IRQHandler
                0x080008ac                I2C3_ER_IRQHandler
                0x080008ac                I2C2_EV_IRQHandler
                0x080008ac                DMA1_Stream2_IRQHandler
                0x080008ac                FPU_IRQHandler
                0x080008ac                UsageFault_Handler
                0x080008ac                DMA2_Stream2_IRQHandler
                0x080008ac                SPI1_IRQHandler
                0x080008ac                TIM1_BRK_TIM9_IRQHandler
                0x080008ac                DMA2_Stream3_IRQHandler
                0x080008ac                USART6_IRQHandler
                0x080008ac                DMA2_Stream0_IRQHandler
                0x080008ac                TIM4_IRQHandler
                0x080008ac                I2C1_EV_IRQHandler
                0x080008ac                DMA1_Stream6_IRQHandler
                0x080008ac                DMA1_Stream1_IRQHandler
                0x080008ac                TIM3_IRQHandler
                0x080008ac                RCC_IRQHandler
                0x080008ac                Default_Handler
                0x080008ac                EXTI15_10_IRQHandler
                0x080008ac                ADC_IRQHandler
                0x080008ac                DMA1_Stream7_IRQHandler
                0x080008ac                TIM5_IRQHandler
                0x080008ac                DMA2_Stream7_IRQHandler
                0x080008ac                I2C3_EV_IRQHandler
                0x080008ac                EXTI9_5_IRQHandler
                0x080008ac                RTC_WKUP_IRQHandler
                0x080008ac                SPI2_IRQHandler
                0x080008ac                MemManage_Handler
                0x080008ac                DMA1_Stream0_IRQHandler
                0x080008ac                SVC_Handler
                0x080008ac                WWDG_IRQHandler
                0x080008ac                TIM2_IRQHandler
                0x080008ac                OTG_FS_WKUP_IRQHandler
                0x080008ac                TIM1_TRG_COM_TIM11_IRQHandler
                0x080008ac                EXTI1_IRQHandler
                0x080008ac                USART2_IRQHandler
                0x080008ac                I2C2_ER_IRQHandler
                0x080008ac                DMA2_Stream1_IRQHandler
                0x080008ac                FLASH_IRQHandler
                0x080008ac                DMA2_Stream4_IRQHandler
                0x080008ac                BusFault_Handler
                0x080008ac                OTG_FS_IRQHandler
                0x080008ac                SPI3_IRQHandler
                0x080008ac                DMA1_Stream4_IRQHandler
                0x080008ac                I2C1_ER_IRQHandler
                0x080008ac                DMA2_Stream6_IRQHandler
                0x080008ac                DMA1_Stream3_IRQHandler
 *fill*         0x080008ae        0x2 
 .text.__NVIC_EnableIRQ
                0x080008b0       0x3c ./Drivers/STM32F4xx_HAL_Driver/Src/STM32F401VE_GPIO_driver.o
 .text.gpio_init
                0x080008ec       0xaa ./Drivers/STM32F4xx_HAL_Driver/Src/STM32F401VE_GPIO_driver.o
                0x080008ec                gpio_init
 .text.gpio_configure_pin_mode
                0x08000996       0x46 ./Drivers/STM32F4xx_HAL_Driver/Src/STM32F401VE_GPIO_driver.o
                0x08000996                gpio_configure_pin_mode
 .text.gpio_configure_pin_output_type
                0x080009dc       0x42 ./Drivers/STM32F4xx_HAL_Driver/Src/STM32F401VE_GPIO_driver.o
                0x080009dc                gpio_configure_pin_output_type
 .text.gpio_configure_pin_output_speed
                0x08000a1e       0x46 ./Drivers/STM32F4xx_HAL_Driver/Src/STM32F401VE_GPIO_driver.o
                0x08000a1e                gpio_configure_pin_output_speed
 .text.gpio_configure_pin_pull
                0x08000a64       0x46 ./Drivers/STM32F4xx_HAL_Driver/Src/STM32F401VE_GPIO_driver.o
                0x08000a64                gpio_configure_pin_pull
 .text.gpio_configure_pin_alternate_function
                0x08000aaa       0x7c ./Drivers/STM32F4xx_HAL_Driver/Src/STM32F401VE_GPIO_driver.o
                0x08000aaa                gpio_configure_pin_alternate_function
 .text.gpio_read_from_pin
                0x08000b26       0x2a ./Drivers/STM32F4xx_HAL_Driver/Src/STM32F401VE_GPIO_driver.o
                0x08000b26                gpio_read_from_pin
 .text.gpio_write_to_pin
                0x08000b50       0x44 ./Drivers/STM32F4xx_HAL_Driver/Src/STM32F401VE_GPIO_driver.o
                0x08000b50                gpio_write_to_pin
 .text.gpio_configure_interrupt
                0x08000b94       0xe8 ./Drivers/STM32F4xx_HAL_Driver/Src/STM32F401VE_GPIO_driver.o
                0x08000b94                gpio_configure_interrupt
 .text.gpio_enable_interrupt
                0x08000c7c       0x54 ./Drivers/STM32F4xx_HAL_Driver/Src/STM32F401VE_GPIO_driver.o
                0x08000c7c                gpio_enable_interrupt
 .text.__NVIC_EnableIRQ
                0x08000cd0       0x3c ./Drivers/STM32F4xx_HAL_Driver/Src/STM32F401VE_USART_driver.o
 .text.usart_choose_type
                0x08000d0c       0x5c ./Drivers/STM32F4xx_HAL_Driver/Src/STM32F401VE_USART_driver.o
                0x08000d0c                usart_choose_type
 .text.usart_configure_cr1
                0x08000d68       0xbc ./Drivers/STM32F4xx_HAL_Driver/Src/STM32F401VE_USART_driver.o
                0x08000d68                usart_configure_cr1
 .text.usart_configure_cr2
                0x08000e24       0x7c ./Drivers/STM32F4xx_HAL_Driver/Src/STM32F401VE_USART_driver.o
                0x08000e24                usart_configure_cr2
 .text.usart_configure_cr3
                0x08000ea0       0x9a ./Drivers/STM32F4xx_HAL_Driver/Src/STM32F401VE_USART_driver.o
                0x08000ea0                usart_configure_cr3
 .text.usart_configure_brr
                0x08000f3a       0x2c ./Drivers/STM32F4xx_HAL_Driver/Src/STM32F401VE_USART_driver.o
                0x08000f3a                usart_configure_brr
 .text.usart_configure_gtpr
                0x08000f66       0x2c ./Drivers/STM32F4xx_HAL_Driver/Src/STM32F401VE_USART_driver.o
                0x08000f66                usart_configure_gtpr
 .text.usart_configure
                0x08000f92      0x19a ./Drivers/STM32F4xx_HAL_Driver/Src/STM32F401VE_USART_driver.o
                0x08000f92                usart_configure
 .text.usart_cr1_configure_over8
                0x0800112c       0x32 ./Drivers/STM32F4xx_HAL_Driver/Src/STM32F401VE_USART_driver.o
                0x0800112c                usart_cr1_configure_over8
 .text.usart_cr1_configure_ue
                0x0800115e       0x32 ./Drivers/STM32F4xx_HAL_Driver/Src/STM32F401VE_USART_driver.o
                0x0800115e                usart_cr1_configure_ue
 .text.usart_cr1_configure_m
                0x08001190       0x32 ./Drivers/STM32F4xx_HAL_Driver/Src/STM32F401VE_USART_driver.o
                0x08001190                usart_cr1_configure_m
 .text.usart_cr1_configure_wake
                0x080011c2       0x32 ./Drivers/STM32F4xx_HAL_Driver/Src/STM32F401VE_USART_driver.o
                0x080011c2                usart_cr1_configure_wake
 .text.usart_cr1_configure_pce
                0x080011f4       0x32 ./Drivers/STM32F4xx_HAL_Driver/Src/STM32F401VE_USART_driver.o
                0x080011f4                usart_cr1_configure_pce
 .text.usart_cr1_configure_ps
                0x08001226       0x32 ./Drivers/STM32F4xx_HAL_Driver/Src/STM32F401VE_USART_driver.o
                0x08001226                usart_cr1_configure_ps
 .text.usart_cr1_configure_peie
                0x08001258       0x32 ./Drivers/STM32F4xx_HAL_Driver/Src/STM32F401VE_USART_driver.o
                0x08001258                usart_cr1_configure_peie
 .text.usart_cr1_configure_txeie
                0x0800128a       0x32 ./Drivers/STM32F4xx_HAL_Driver/Src/STM32F401VE_USART_driver.o
                0x0800128a                usart_cr1_configure_txeie
 .text.usart_cr1_configure_tcie
                0x080012bc       0x32 ./Drivers/STM32F4xx_HAL_Driver/Src/STM32F401VE_USART_driver.o
                0x080012bc                usart_cr1_configure_tcie
 .text.usart_cr1_configure_rxneie
                0x080012ee       0x32 ./Drivers/STM32F4xx_HAL_Driver/Src/STM32F401VE_USART_driver.o
                0x080012ee                usart_cr1_configure_rxneie
 .text.usart_cr1_configure_idleie
                0x08001320       0x32 ./Drivers/STM32F4xx_HAL_Driver/Src/STM32F401VE_USART_driver.o
                0x08001320                usart_cr1_configure_idleie
 .text.usart_cr1_configure_te
                0x08001352       0x32 ./Drivers/STM32F4xx_HAL_Driver/Src/STM32F401VE_USART_driver.o
                0x08001352                usart_cr1_configure_te
 .text.usart_cr1_configure_re
                0x08001384       0x32 ./Drivers/STM32F4xx_HAL_Driver/Src/STM32F401VE_USART_driver.o
                0x08001384                usart_cr1_configure_re
 .text.usart_cr1_configure_rwu
                0x080013b6       0x32 ./Drivers/STM32F4xx_HAL_Driver/Src/STM32F401VE_USART_driver.o
                0x080013b6                usart_cr1_configure_rwu
 .text.usart_cr1_configure_sbk
                0x080013e8       0x30 ./Drivers/STM32F4xx_HAL_Driver/Src/STM32F401VE_USART_driver.o
                0x080013e8                usart_cr1_configure_sbk
 .text.usart_cr2_configure_linen
                0x08001418       0x32 ./Drivers/STM32F4xx_HAL_Driver/Src/STM32F401VE_USART_driver.o
                0x08001418                usart_cr2_configure_linen
 .text.usart_cr2_configure_stop
                0x0800144a       0x32 ./Drivers/STM32F4xx_HAL_Driver/Src/STM32F401VE_USART_driver.o
                0x0800144a                usart_cr2_configure_stop
 .text.usart_cr2_configure_clken
                0x0800147c       0x32 ./Drivers/STM32F4xx_HAL_Driver/Src/STM32F401VE_USART_driver.o
                0x0800147c                usart_cr2_configure_clken
 .text.usart_cr2_configure_cpol
                0x080014ae       0x32 ./Drivers/STM32F4xx_HAL_Driver/Src/STM32F401VE_USART_driver.o
                0x080014ae                usart_cr2_configure_cpol
 .text.usart_cr2_configure_cpha
                0x080014e0       0x32 ./Drivers/STM32F4xx_HAL_Driver/Src/STM32F401VE_USART_driver.o
                0x080014e0                usart_cr2_configure_cpha
 .text.usart_cr2_configure_lbcl
                0x08001512       0x32 ./Drivers/STM32F4xx_HAL_Driver/Src/STM32F401VE_USART_driver.o
                0x08001512                usart_cr2_configure_lbcl
 .text.usart_cr2_configure_lbdie
                0x08001544       0x32 ./Drivers/STM32F4xx_HAL_Driver/Src/STM32F401VE_USART_driver.o
                0x08001544                usart_cr2_configure_lbdie
 .text.usart_cr2_configure_lbdl
                0x08001576       0x32 ./Drivers/STM32F4xx_HAL_Driver/Src/STM32F401VE_USART_driver.o
                0x08001576                usart_cr2_configure_lbdl
 .text.usart_cr2_configure_add
                0x080015a8       0x30 ./Drivers/STM32F4xx_HAL_Driver/Src/STM32F401VE_USART_driver.o
                0x080015a8                usart_cr2_configure_add
 .text.usart_cr3_configure_onebit
                0x080015d8       0x32 ./Drivers/STM32F4xx_HAL_Driver/Src/STM32F401VE_USART_driver.o
                0x080015d8                usart_cr3_configure_onebit
 .text.usart_cr3_configure_ctsie
                0x0800160a       0x32 ./Drivers/STM32F4xx_HAL_Driver/Src/STM32F401VE_USART_driver.o
                0x0800160a                usart_cr3_configure_ctsie
 .text.usart_cr3_configure_ctse
                0x0800163c       0x32 ./Drivers/STM32F4xx_HAL_Driver/Src/STM32F401VE_USART_driver.o
                0x0800163c                usart_cr3_configure_ctse
 .text.usart_cr3_configure_rtse
                0x0800166e       0x32 ./Drivers/STM32F4xx_HAL_Driver/Src/STM32F401VE_USART_driver.o
                0x0800166e                usart_cr3_configure_rtse
 .text.usart_cr3_configure_dmat
                0x080016a0       0x32 ./Drivers/STM32F4xx_HAL_Driver/Src/STM32F401VE_USART_driver.o
                0x080016a0                usart_cr3_configure_dmat
 .text.usart_cr3_configure_dmar
                0x080016d2       0x32 ./Drivers/STM32F4xx_HAL_Driver/Src/STM32F401VE_USART_driver.o
                0x080016d2                usart_cr3_configure_dmar
 .text.usart_cr3_configure_scen
                0x08001704       0x32 ./Drivers/STM32F4xx_HAL_Driver/Src/STM32F401VE_USART_driver.o
                0x08001704                usart_cr3_configure_scen
 .text.usart_cr3_configure_nack
                0x08001736       0x32 ./Drivers/STM32F4xx_HAL_Driver/Src/STM32F401VE_USART_driver.o
                0x08001736                usart_cr3_configure_nack
 .text.usart_cr3_configure_hdsel
                0x08001768       0x32 ./Drivers/STM32F4xx_HAL_Driver/Src/STM32F401VE_USART_driver.o
                0x08001768                usart_cr3_configure_hdsel
 .text.usart_cr3_configure_irlp
                0x0800179a       0x32 ./Drivers/STM32F4xx_HAL_Driver/Src/STM32F401VE_USART_driver.o
                0x0800179a                usart_cr3_configure_irlp
 .text.usart_cr3_configure_iren
                0x080017cc       0x32 ./Drivers/STM32F4xx_HAL_Driver/Src/STM32F401VE_USART_driver.o
                0x080017cc                usart_cr3_configure_iren
 .text.usart_cr3_configure_eie
                0x080017fe       0x30 ./Drivers/STM32F4xx_HAL_Driver/Src/STM32F401VE_USART_driver.o
                0x080017fe                usart_cr3_configure_eie
 .text.usart_brr_configure_div_mantissa
                0x0800182e       0x36 ./Drivers/STM32F4xx_HAL_Driver/Src/STM32F401VE_USART_driver.o
                0x0800182e                usart_brr_configure_div_mantissa
 .text.usart_brr_configure_div_fraction
                0x08001864       0x30 ./Drivers/STM32F4xx_HAL_Driver/Src/STM32F401VE_USART_driver.o
                0x08001864                usart_brr_configure_div_fraction
 .text.usart_gtpr_configure_gt
                0x08001894       0x32 ./Drivers/STM32F4xx_HAL_Driver/Src/STM32F401VE_USART_driver.o
                0x08001894                usart_gtpr_configure_gt
 .text.usart_gtpr_configure_psc
                0x080018c6       0x30 ./Drivers/STM32F4xx_HAL_Driver/Src/STM32F401VE_USART_driver.o
                0x080018c6                usart_gtpr_configure_psc
 .text.usart_sr_check_txe
                0x080018f6       0x22 ./Drivers/STM32F4xx_HAL_Driver/Src/STM32F401VE_USART_driver.o
                0x080018f6                usart_sr_check_txe
 .text.usart_sr_check_rxne
                0x08001918       0x22 ./Drivers/STM32F4xx_HAL_Driver/Src/STM32F401VE_USART_driver.o
                0x08001918                usart_sr_check_rxne
 .text.usart_dr_write
                0x0800193a       0x1e ./Drivers/STM32F4xx_HAL_Driver/Src/STM32F401VE_USART_driver.o
                0x0800193a                usart_dr_write
 .text.usart_dr_read
                0x08001958       0x1a ./Drivers/STM32F4xx_HAL_Driver/Src/STM32F401VE_USART_driver.o
                0x08001958                usart_dr_read
 .text.usart_transmit
                0x08001972       0x2c ./Drivers/STM32F4xx_HAL_Driver/Src/STM32F401VE_USART_driver.o
                0x08001972                usart_transmit
 .text.usart_receive
                0x0800199e       0x26 ./Drivers/STM32F4xx_HAL_Driver/Src/STM32F401VE_USART_driver.o
                0x0800199e                usart_receive
 .text.usart_enable_interrupt
                0x080019c4       0x1c ./Drivers/STM32F4xx_HAL_Driver/Src/STM32F401VE_USART_driver.o
                0x080019c4                usart_enable_interrupt
 .text.__libc_init_array
                0x080019e0       0x48 C:/ST/STM32CubeIDE_1.16.0/STM32CubeIDE/plugins/com.st.stm32cube.ide.mcu.externaltools.gnu-tools-for-stm32.12.3.rel1.win32_1.0.200.202406191623/tools/bin/../lib/gcc/arm-none-eabi/12.3.1/../../../../arm-none-eabi/lib/thumb/v7e-m+fp/hard\libc_nano.a(libc_a-init.o)
                0x080019e0                __libc_init_array
 *(.glue_7)
 .glue_7        0x08001a28        0x0 linker stubs
 *(.glue_7t)
 .glue_7t       0x08001a28        0x0 linker stubs
 *(.eh_frame)
 .eh_frame      0x08001a28        0x0 C:/ST/STM32CubeIDE_1.16.0/STM32CubeIDE/plugins/com.st.stm32cube.ide.mcu.externaltools.gnu-tools-for-stm32.12.3.rel1.win32_1.0.200.202406191623/tools/bin/../lib/gcc/arm-none-eabi/12.3.1/thumb/v7e-m+fp/hard/crtbegin.o
 *(.init)
 .init          0x08001a28        0x4 C:/ST/STM32CubeIDE_1.16.0/STM32CubeIDE/plugins/com.st.stm32cube.ide.mcu.externaltools.gnu-tools-for-stm32.12.3.rel1.win32_1.0.200.202406191623/tools/bin/../lib/gcc/arm-none-eabi/12.3.1/thumb/v7e-m+fp/hard/crti.o
                0x08001a28                _init
 .init          0x08001a2c        0x8 C:/ST/STM32CubeIDE_1.16.0/STM32CubeIDE/plugins/com.st.stm32cube.ide.mcu.externaltools.gnu-tools-for-stm32.12.3.rel1.win32_1.0.200.202406191623/tools/bin/../lib/gcc/arm-none-eabi/12.3.1/thumb/v7e-m+fp/hard/crtn.o
 *(.fini)
 .fini          0x08001a34        0x4 C:/ST/STM32CubeIDE_1.16.0/STM32CubeIDE/plugins/com.st.stm32cube.ide.mcu.externaltools.gnu-tools-for-stm32.12.3.rel1.win32_1.0.200.202406191623/tools/bin/../lib/gcc/arm-none-eabi/12.3.1/thumb/v7e-m+fp/hard/crti.o
                0x08001a34                _fini
 .fini          0x08001a38        0x8 C:/ST/STM32CubeIDE_1.16.0/STM32CubeIDE/plugins/com.st.stm32cube.ide.mcu.externaltools.gnu-tools-for-stm32.12.3.rel1.win32_1.0.200.202406191623/tools/bin/../lib/gcc/arm-none-eabi/12.3.1/thumb/v7e-m+fp/hard/crtn.o
                0x08001a40                        . = ALIGN (0x4)
                0x08001a40                        _etext = .

.vfp11_veneer   0x08001a40        0x0
 .vfp11_veneer  0x08001a40        0x0 linker stubs

.v4_bx          0x08001a40        0x0
 .v4_bx         0x08001a40        0x0 linker stubs

.iplt           0x08001a40        0x0
 .iplt          0x08001a40        0x0 C:/ST/STM32CubeIDE_1.16.0/STM32CubeIDE/plugins/com.st.stm32cube.ide.mcu.externaltools.gnu-tools-for-stm32.12.3.rel1.win32_1.0.200.202406191623/tools/bin/../lib/gcc/arm-none-eabi/12.3.1/thumb/v7e-m+fp/hard/crtbegin.o

.rodata         0x08001a40        0x0
                0x08001a40                        . = ALIGN (0x4)
 *(.rodata)
 *(.rodata*)
                0x08001a40                        . = ALIGN (0x4)

.ARM.extab      0x08001a40        0x0
                0x08001a40                        . = ALIGN (0x4)
 *(.ARM.extab* .gnu.linkonce.armextab.*)
                0x08001a40                        . = ALIGN (0x4)

.ARM            0x08001a40        0x0
                0x08001a40                        . = ALIGN (0x4)
                0x08001a40                        __exidx_start = .
 *(.ARM.exidx*)
                0x08001a40                        __exidx_end = .
                0x08001a40                        . = ALIGN (0x4)

.preinit_array  0x08001a40        0x0
                0x08001a40                        . = ALIGN (0x4)
                0x08001a40                        PROVIDE (__preinit_array_start = .)
 *(.preinit_array*)
                0x08001a40                        PROVIDE (__preinit_array_end = .)
                0x08001a40                        . = ALIGN (0x4)

.init_array     0x08001a40        0x4
                0x08001a40                        . = ALIGN (0x4)
                0x08001a40                        PROVIDE (__init_array_start = .)
 *(SORT_BY_NAME(.init_array.*))
 *(.init_array*)
 .init_array    0x08001a40        0x4 C:/ST/STM32CubeIDE_1.16.0/STM32CubeIDE/plugins/com.st.stm32cube.ide.mcu.externaltools.gnu-tools-for-stm32.12.3.rel1.win32_1.0.200.202406191623/tools/bin/../lib/gcc/arm-none-eabi/12.3.1/thumb/v7e-m+fp/hard/crtbegin.o
                0x08001a44                        PROVIDE (__init_array_end = .)
                0x08001a44                        . = ALIGN (0x4)

.fini_array     0x08001a44        0x4
                0x08001a44                        . = ALIGN (0x4)
                [!provide]                        PROVIDE (__fini_array_start = .)
 *(SORT_BY_NAME(.fini_array.*))
 *(.fini_array*)
 .fini_array    0x08001a44        0x4 C:/ST/STM32CubeIDE_1.16.0/STM32CubeIDE/plugins/com.st.stm32cube.ide.mcu.externaltools.gnu-tools-for-stm32.12.3.rel1.win32_1.0.200.202406191623/tools/bin/../lib/gcc/arm-none-eabi/12.3.1/thumb/v7e-m+fp/hard/crtbegin.o
                [!provide]                        PROVIDE (__fini_array_end = .)
                0x08001a48                        . = ALIGN (0x4)
                0x08001a48                        _sidata = LOADADDR (.data)

.rel.dyn        0x08001a48        0x0
 .rel.iplt      0x08001a48        0x0 C:/ST/STM32CubeIDE_1.16.0/STM32CubeIDE/plugins/com.st.stm32cube.ide.mcu.externaltools.gnu-tools-for-stm32.12.3.rel1.win32_1.0.200.202406191623/tools/bin/../lib/gcc/arm-none-eabi/12.3.1/thumb/v7e-m+fp/hard/crtbegin.o

.data           0x20000000        0x0 load address 0x08001a48
                0x20000000                        . = ALIGN (0x4)
                0x20000000                        _sdata = .
 *(.data)
 *(.data*)
 *(.RamFunc)
 *(.RamFunc*)
                0x20000000                        . = ALIGN (0x4)
                0x20000000                        _edata = .

.igot.plt       0x20000000        0x0 load address 0x08001a48
 .igot.plt      0x20000000        0x0 C:/ST/STM32CubeIDE_1.16.0/STM32CubeIDE/plugins/com.st.stm32cube.ide.mcu.externaltools.gnu-tools-for-stm32.12.3.rel1.win32_1.0.200.202406191623/tools/bin/../lib/gcc/arm-none-eabi/12.3.1/thumb/v7e-m+fp/hard/crtbegin.o
                0x20000000                        . = ALIGN (0x4)

.bss            0x20000000       0x1c load address 0x08001a48
                0x20000000                        _sbss = .
                0x20000000                        __bss_start__ = _sbss
 *(.bss)
 .bss           0x20000000       0x1c C:/ST/STM32CubeIDE_1.16.0/STM32CubeIDE/plugins/com.st.stm32cube.ide.mcu.externaltools.gnu-tools-for-stm32.12.3.rel1.win32_1.0.200.202406191623/tools/bin/../lib/gcc/arm-none-eabi/12.3.1/thumb/v7e-m+fp/hard/crtbegin.o
 *(.bss*)
 *(COMMON)
                0x2000001c                        . = ALIGN (0x4)
                0x2000001c                        _ebss = .
                0x2000001c                        __bss_end__ = _ebss

._user_heap_stack
                0x2000001c      0x604 load address 0x08001a48
                0x20000020                        . = ALIGN (0x8)
 *fill*         0x2000001c        0x4 
                [!provide]                        PROVIDE (end = .)
                0x20000020                        PROVIDE (_end = .)
                0x20000220                        . = (. + _Min_Heap_Size)
 *fill*         0x20000020      0x200 
                0x20000620                        . = (. + _Min_Stack_Size)
 *fill*         0x20000220      0x400 
                0x20000620                        . = ALIGN (0x8)

/DISCARD/
 libc.a(*)
 libm.a(*)
 libgcc.a(*)

.ARM.attributes
                0x00000000       0x30
 *(.ARM.attributes)
 .ARM.attributes
                0x00000000       0x22 C:/ST/STM32CubeIDE_1.16.0/STM32CubeIDE/plugins/com.st.stm32cube.ide.mcu.externaltools.gnu-tools-for-stm32.12.3.rel1.win32_1.0.200.202406191623/tools/bin/../lib/gcc/arm-none-eabi/12.3.1/thumb/v7e-m+fp/hard/crti.o
 .ARM.attributes
                0x00000022       0x34 C:/ST/STM32CubeIDE_1.16.0/STM32CubeIDE/plugins/com.st.stm32cube.ide.mcu.externaltools.gnu-tools-for-stm32.12.3.rel1.win32_1.0.200.202406191623/tools/bin/../lib/gcc/arm-none-eabi/12.3.1/thumb/v7e-m+fp/hard/crtbegin.o
 .ARM.attributes
                0x00000056       0x34 ./Core/Src/USART_smart_home.o
 .ARM.attributes
                0x0000008a       0x34 ./Core/Src/main.o
 .ARM.attributes
                0x000000be       0x34 ./Core/Src/system_stm32f4xx.o
 .ARM.attributes
                0x000000f2       0x21 ./Core/Startup/startup_stm32f401vehx.o
 .ARM.attributes
                0x00000113       0x34 ./Drivers/STM32F4xx_HAL_Driver/Src/STM32F401VE_GPIO_driver.o
 .ARM.attributes
                0x00000147       0x34 ./Drivers/STM32F4xx_HAL_Driver/Src/STM32F401VE_USART_driver.o
 .ARM.attributes
                0x0000017b       0x34 C:/ST/STM32CubeIDE_1.16.0/STM32CubeIDE/plugins/com.st.stm32cube.ide.mcu.externaltools.gnu-tools-for-stm32.12.3.rel1.win32_1.0.200.202406191623/tools/bin/../lib/gcc/arm-none-eabi/12.3.1/../../../../arm-none-eabi/lib/thumb/v7e-m+fp/hard\libc_nano.a(libc_a-init.o)
 .ARM.attributes
                0x000001af       0x22 C:/ST/STM32CubeIDE_1.16.0/STM32CubeIDE/plugins/com.st.stm32cube.ide.mcu.externaltools.gnu-tools-for-stm32.12.3.rel1.win32_1.0.200.202406191623/tools/bin/../lib/gcc/arm-none-eabi/12.3.1/thumb/v7e-m+fp/hard/crtn.o
OUTPUT(STM32F401VE GPIO drivers.elf elf32-littlearm)
LOAD linker stubs
LOAD C:/ST/STM32CubeIDE_1.16.0/STM32CubeIDE/plugins/com.st.stm32cube.ide.mcu.externaltools.gnu-tools-for-stm32.12.3.rel1.win32_1.0.200.202406191623/tools/bin/../lib/gcc/arm-none-eabi/12.3.1/../../../../arm-none-eabi/lib/thumb/v7e-m+fp/hard\libc.a
LOAD C:/ST/STM32CubeIDE_1.16.0/STM32CubeIDE/plugins/com.st.stm32cube.ide.mcu.externaltools.gnu-tools-for-stm32.12.3.rel1.win32_1.0.200.202406191623/tools/bin/../lib/gcc/arm-none-eabi/12.3.1/../../../../arm-none-eabi/lib/thumb/v7e-m+fp/hard\libm.a
LOAD C:/ST/STM32CubeIDE_1.16.0/STM32CubeIDE/plugins/com.st.stm32cube.ide.mcu.externaltools.gnu-tools-for-stm32.12.3.rel1.win32_1.0.200.202406191623/tools/bin/../lib/gcc/arm-none-eabi/12.3.1/thumb/v7e-m+fp/hard\libgcc.a

.debug_info     0x00000000     0x2f45
 .debug_info    0x00000000      0xaab ./Core/Src/USART_smart_home.o
 .debug_info    0x00000aab       0xe2 ./Core/Src/main.o
 .debug_info    0x00000b8d      0x537 ./Core/Src/system_stm32f4xx.o
 .debug_info    0x000010c4       0x30 ./Core/Startup/startup_stm32f401vehx.o
 .debug_info    0x000010f4      0x895 ./Drivers/STM32F4xx_HAL_Driver/Src/STM32F401VE_GPIO_driver.o
 .debug_info    0x00001989     0x15bc ./Drivers/STM32F4xx_HAL_Driver/Src/STM32F401VE_USART_driver.o

.debug_abbrev   0x00000000      0x888
 .debug_abbrev  0x00000000      0x23e ./Core/Src/USART_smart_home.o
 .debug_abbrev  0x0000023e       0xb7 ./Core/Src/main.o
 .debug_abbrev  0x000002f5      0x11a ./Core/Src/system_stm32f4xx.o
 .debug_abbrev  0x0000040f       0x24 ./Core/Startup/startup_stm32f401vehx.o
 .debug_abbrev  0x00000433      0x1e8 ./Drivers/STM32F4xx_HAL_Driver/Src/STM32F401VE_GPIO_driver.o
 .debug_abbrev  0x0000061b      0x26d ./Drivers/STM32F4xx_HAL_Driver/Src/STM32F401VE_USART_driver.o

.debug_aranges  0x00000000      0x390
 .debug_aranges
                0x00000000       0x68 ./Core/Src/USART_smart_home.o
 .debug_aranges
                0x00000068       0x30 ./Core/Src/main.o
 .debug_aranges
                0x00000098       0x28 ./Core/Src/system_stm32f4xx.o
 .debug_aranges
                0x000000c0       0x28 ./Core/Startup/startup_stm32f401vehx.o
 .debug_aranges
                0x000000e8       0x90 ./Drivers/STM32F4xx_HAL_Driver/Src/STM32F401VE_GPIO_driver.o
 .debug_aranges
                0x00000178      0x218 ./Drivers/STM32F4xx_HAL_Driver/Src/STM32F401VE_USART_driver.o

.debug_rnglists
                0x00000000      0x297
 .debug_rnglists
                0x00000000       0x4c ./Core/Src/USART_smart_home.o
 .debug_rnglists
                0x0000004c       0x1f ./Core/Src/main.o
 .debug_rnglists
                0x0000006b       0x1a ./Core/Src/system_stm32f4xx.o
 .debug_rnglists
                0x00000085       0x19 ./Core/Startup/startup_stm32f401vehx.o
 .debug_rnglists
                0x0000009e       0x69 ./Drivers/STM32F4xx_HAL_Driver/Src/STM32F401VE_GPIO_driver.o
 .debug_rnglists
                0x00000107      0x190 ./Drivers/STM32F4xx_HAL_Driver/Src/STM32F401VE_USART_driver.o

.debug_macro    0x00000000     0xe650
 .debug_macro   0x00000000       0xe6 ./Core/Src/USART_smart_home.o
 .debug_macro   0x000000e6      0xab4 ./Core/Src/USART_smart_home.o
 .debug_macro   0x00000b9a       0x28 ./Core/Src/USART_smart_home.o
 .debug_macro   0x00000bc2       0x22 ./Core/Src/USART_smart_home.o
 .debug_macro   0x00000be4       0x8e ./Core/Src/USART_smart_home.o
 .debug_macro   0x00000c72       0x51 ./Core/Src/USART_smart_home.o
 .debug_macro   0x00000cc3      0x103 ./Core/Src/USART_smart_home.o
 .debug_macro   0x00000dc6       0x6a ./Core/Src/USART_smart_home.o
 .debug_macro   0x00000e30      0x1df ./Core/Src/USART_smart_home.o
 .debug_macro   0x0000100f       0x1c ./Core/Src/USART_smart_home.o
 .debug_macro   0x0000102b       0x22 ./Core/Src/USART_smart_home.o
 .debug_macro   0x0000104d       0xfb ./Core/Src/USART_smart_home.o
 .debug_macro   0x00001148     0x1011 ./Core/Src/USART_smart_home.o
 .debug_macro   0x00002159      0x11f ./Core/Src/USART_smart_home.o
 .debug_macro   0x00002278     0xb86c ./Core/Src/USART_smart_home.o
 .debug_macro   0x0000dae4      0x3c1 ./Core/Src/USART_smart_home.o
 .debug_macro   0x0000dea5       0xca ./Core/Src/USART_smart_home.o
 .debug_macro   0x0000df6f      0x21c ./Core/Src/USART_smart_home.o
 .debug_macro   0x0000e18b       0xf0 ./Core/Src/main.o
 .debug_macro   0x0000e27b       0xda ./Core/Src/system_stm32f4xx.o
 .debug_macro   0x0000e355       0x2e ./Core/Src/system_stm32f4xx.o
 .debug_macro   0x0000e383       0x6d ./Core/Src/system_stm32f4xx.o
 .debug_macro   0x0000e3f0       0xce ./Drivers/STM32F4xx_HAL_Driver/Src/STM32F401VE_GPIO_driver.o
 .debug_macro   0x0000e4be       0xc4 ./Drivers/STM32F4xx_HAL_Driver/Src/STM32F401VE_GPIO_driver.o
 .debug_macro   0x0000e582       0xce ./Drivers/STM32F4xx_HAL_Driver/Src/STM32F401VE_USART_driver.o

.debug_line     0x00000000     0x2c8c
 .debug_line    0x00000000      0x953 ./Core/Src/USART_smart_home.o
 .debug_line    0x00000953      0x5a6 ./Core/Src/main.o
 .debug_line    0x00000ef9      0x57d ./Core/Src/system_stm32f4xx.o
 .debug_line    0x00001476       0x7a ./Core/Startup/startup_stm32f401vehx.o
 .debug_line    0x000014f0      0x8ef ./Drivers/STM32F4xx_HAL_Driver/Src/STM32F401VE_GPIO_driver.o
 .debug_line    0x00001ddf      0xead ./Drivers/STM32F4xx_HAL_Driver/Src/STM32F401VE_USART_driver.o

.debug_str      0x00000000    0x52d48
 .debug_str     0x00000000    0x51d4f ./Core/Src/USART_smart_home.o
                              0x51fad (size before relaxing)
 .debug_str     0x00051d4f       0x51 ./Core/Src/main.o
                              0x51849 (size before relaxing)
 .debug_str     0x00051da0      0x843 ./Core/Src/system_stm32f4xx.o
                              0x4f95e (size before relaxing)
 .debug_str     0x000525e3       0x44 ./Core/Startup/startup_stm32f401vehx.o
                                 0x9a (size before relaxing)
 .debug_str     0x00052627      0x188 ./Drivers/STM32F4xx_HAL_Driver/Src/STM32F401VE_GPIO_driver.o
                              0x4fca0 (size before relaxing)
 .debug_str     0x000527af      0x599 ./Drivers/STM32F4xx_HAL_Driver/Src/STM32F401VE_USART_driver.o
                              0x50ed6 (size before relaxing)

.comment        0x00000000       0x43
 .comment       0x00000000       0x43 ./Core/Src/USART_smart_home.o
                                 0x44 (size before relaxing)
 .comment       0x00000043       0x44 ./Core/Src/main.o
 .comment       0x00000043       0x44 ./Core/Src/system_stm32f4xx.o
 .comment       0x00000043       0x44 ./Drivers/STM32F4xx_HAL_Driver/Src/STM32F401VE_GPIO_driver.o
 .comment       0x00000043       0x44 ./Drivers/STM32F4xx_HAL_Driver/Src/STM32F401VE_USART_driver.o

.debug_frame    0x00000000      0xea8
 .debug_frame   0x00000000      0x178 ./Core/Src/USART_smart_home.o
 .debug_frame   0x00000178       0x64 ./Core/Src/main.o
 .debug_frame   0x000001dc       0x58 ./Core/Src/system_stm32f4xx.o
 .debug_frame   0x00000234      0x258 ./Drivers/STM32F4xx_HAL_Driver/Src/STM32F401VE_GPIO_driver.o
 .debug_frame   0x0000048c      0x9f0 ./Drivers/STM32F4xx_HAL_Driver/Src/STM32F401VE_USART_driver.o
 .debug_frame   0x00000e7c       0x2c C:/ST/STM32CubeIDE_1.16.0/STM32CubeIDE/plugins/com.st.stm32cube.ide.mcu.externaltools.gnu-tools-for-stm32.12.3.rel1.win32_1.0.200.202406191623/tools/bin/../lib/gcc/arm-none-eabi/12.3.1/../../../../arm-none-eabi/lib/thumb/v7e-m+fp/hard\libc_nano.a(libc_a-init.o)

.debug_line_str
                0x00000000       0x7e
 .debug_line_str
                0x00000000       0x7e ./Core/Startup/startup_stm32f401vehx.o
