../Drivers/CMSIS/Include/core_cm4.h:1684:22:__NVIC_EnableIRQ	16	static,ignoring_inline_asm
../Drivers/STM32F4xx_HAL_Driver/Src/STM32F401VE_USART_driver.c:12:6:usart_choose_type	16	static
../Drivers/STM32F4xx_HAL_Driver/Src/STM32F401VE_USART_driver.c:31:6:usart_configure_cr1	24	static
../Drivers/STM32F4xx_HAL_Driver/Src/STM32F401VE_USART_driver.c:50:6:usart_configure_cr2	24	static
../Drivers/STM32F4xx_HAL_Driver/Src/STM32F401VE_USART_driver.c:63:6:usart_configure_cr3	24	static
../Drivers/STM32F4xx_HAL_Driver/Src/STM32F401VE_USART_driver.c:79:6:usart_configure_brr	16	static
../Drivers/STM32F4xx_HAL_Driver/Src/STM32F401VE_USART_driver.c:85:6:usart_configure_gtpr	16	static
../Drivers/STM32F4xx_HAL_Driver/Src/STM32F401VE_USART_driver.c:91:6:usart_configure	104	static
../Drivers/STM32F4xx_HAL_Driver/Src/STM32F401VE_USART_driver.c:103:6:usart_cr1_configure_over8	16	static
../Drivers/STM32F4xx_HAL_Driver/Src/STM32F401VE_USART_driver.c:109:6:usart_cr1_configure_ue	16	static
../Drivers/STM32F4xx_HAL_Driver/Src/STM32F401VE_USART_driver.c:115:6:usart_cr1_configure_m	16	static
../Drivers/STM32F4xx_HAL_Driver/Src/STM32F401VE_USART_driver.c:121:6:usart_cr1_configure_wake	16	static
../Drivers/STM32F4xx_HAL_Driver/Src/STM32F401VE_USART_driver.c:127:6:usart_cr1_configure_pce	16	static
../Drivers/STM32F4xx_HAL_Driver/Src/STM32F401VE_USART_driver.c:133:6:usart_cr1_configure_ps	16	static
../Drivers/STM32F4xx_HAL_Driver/Src/STM32F401VE_USART_driver.c:139:6:usart_cr1_configure_peie	16	static
../Drivers/STM32F4xx_HAL_Driver/Src/STM32F401VE_USART_driver.c:145:6:usart_cr1_configure_txeie	16	static
../Drivers/STM32F4xx_HAL_Driver/Src/STM32F401VE_USART_driver.c:151:6:usart_cr1_configure_tcie	16	static
../Drivers/STM32F4xx_HAL_Driver/Src/STM32F401VE_USART_driver.c:157:6:usart_cr1_configure_rxneie	16	static
../Drivers/STM32F4xx_HAL_Driver/Src/STM32F401VE_USART_driver.c:163:6:usart_cr1_configure_idleie	16	static
../Drivers/STM32F4xx_HAL_Driver/Src/STM32F401VE_USART_driver.c:169:6:usart_cr1_configure_te	16	static
../Drivers/STM32F4xx_HAL_Driver/Src/STM32F401VE_USART_driver.c:175:6:usart_cr1_configure_re	16	static
../Drivers/STM32F4xx_HAL_Driver/Src/STM32F401VE_USART_driver.c:181:6:usart_cr1_configure_rwu	16	static
../Drivers/STM32F4xx_HAL_Driver/Src/STM32F401VE_USART_driver.c:187:6:usart_cr1_configure_sbk	16	static
../Drivers/STM32F4xx_HAL_Driver/Src/STM32F401VE_USART_driver.c:193:6:usart_cr2_configure_linen	16	static
../Drivers/STM32F4xx_HAL_Driver/Src/STM32F401VE_USART_driver.c:199:6:usart_cr2_configure_stop	16	static
../Drivers/STM32F4xx_HAL_Driver/Src/STM32F401VE_USART_driver.c:205:6:usart_cr2_configure_clken	16	static
../Drivers/STM32F4xx_HAL_Driver/Src/STM32F401VE_USART_driver.c:211:6:usart_cr2_configure_cpol	16	static
../Drivers/STM32F4xx_HAL_Driver/Src/STM32F401VE_USART_driver.c:217:6:usart_cr2_configure_cpha	16	static
../Drivers/STM32F4xx_HAL_Driver/Src/STM32F401VE_USART_driver.c:223:6:usart_cr2_configure_lbcl	16	static
../Drivers/STM32F4xx_HAL_Driver/Src/STM32F401VE_USART_driver.c:229:6:usart_cr2_configure_lbdie	16	static
../Drivers/STM32F4xx_HAL_Driver/Src/STM32F401VE_USART_driver.c:235:6:usart_cr2_configure_lbdl	16	static
../Drivers/STM32F4xx_HAL_Driver/Src/STM32F401VE_USART_driver.c:241:6:usart_cr2_configure_add	16	static
../Drivers/STM32F4xx_HAL_Driver/Src/STM32F401VE_USART_driver.c:247:6:usart_cr3_configure_onebit	16	static
../Drivers/STM32F4xx_HAL_Driver/Src/STM32F401VE_USART_driver.c:253:6:usart_cr3_configure_ctsie	16	static
../Drivers/STM32F4xx_HAL_Driver/Src/STM32F401VE_USART_driver.c:259:6:usart_cr3_configure_ctse	16	static
../Drivers/STM32F4xx_HAL_Driver/Src/STM32F401VE_USART_driver.c:265:6:usart_cr3_configure_rtse	16	static
../Drivers/STM32F4xx_HAL_Driver/Src/STM32F401VE_USART_driver.c:271:6:usart_cr3_configure_dmat	16	static
../Drivers/STM32F4xx_HAL_Driver/Src/STM32F401VE_USART_driver.c:277:6:usart_cr3_configure_dmar	16	static
../Drivers/STM32F4xx_HAL_Driver/Src/STM32F401VE_USART_driver.c:283:6:usart_cr3_configure_scen	16	static
../Drivers/STM32F4xx_HAL_Driver/Src/STM32F401VE_USART_driver.c:289:6:usart_cr3_configure_nack	16	static
../Drivers/STM32F4xx_HAL_Driver/Src/STM32F401VE_USART_driver.c:295:6:usart_cr3_configure_hdsel	16	static
../Drivers/STM32F4xx_HAL_Driver/Src/STM32F401VE_USART_driver.c:301:6:usart_cr3_configure_irlp	16	static
../Drivers/STM32F4xx_HAL_Driver/Src/STM32F401VE_USART_driver.c:307:6:usart_cr3_configure_iren	16	static
../Drivers/STM32F4xx_HAL_Driver/Src/STM32F401VE_USART_driver.c:313:6:usart_cr3_configure_eie	16	static
../Drivers/STM32F4xx_HAL_Driver/Src/STM32F401VE_USART_driver.c:319:6:usart_brr_configure_div_mantissa	16	static
../Drivers/STM32F4xx_HAL_Driver/Src/STM32F401VE_USART_driver.c:325:6:usart_brr_configure_div_fraction	16	static
../Drivers/STM32F4xx_HAL_Driver/Src/STM32F401VE_USART_driver.c:331:6:usart_gtpr_configure_gt	16	static
../Drivers/STM32F4xx_HAL_Driver/Src/STM32F401VE_USART_driver.c:337:6:usart_gtpr_configure_psc	16	static
../Drivers/STM32F4xx_HAL_Driver/Src/STM32F401VE_USART_driver.c:345:10:usart_sr_check_cts	16	static
../Drivers/STM32F4xx_HAL_Driver/Src/STM32F401VE_USART_driver.c:350:10:usart_sr_check_lbd	16	static
../Drivers/STM32F4xx_HAL_Driver/Src/STM32F401VE_USART_driver.c:355:10:usart_sr_check_txe	16	static
../Drivers/STM32F4xx_HAL_Driver/Src/STM32F401VE_USART_driver.c:360:10:usart_sr_check_tc	16	static
../Drivers/STM32F4xx_HAL_Driver/Src/STM32F401VE_USART_driver.c:365:10:usart_sr_check_rxne	16	static
../Drivers/STM32F4xx_HAL_Driver/Src/STM32F401VE_USART_driver.c:370:10:usart_sr_check_idle	16	static
../Drivers/STM32F4xx_HAL_Driver/Src/STM32F401VE_USART_driver.c:375:10:usart_sr_check_ore	16	static
../Drivers/STM32F4xx_HAL_Driver/Src/STM32F401VE_USART_driver.c:380:10:usart_sr_check_nf	16	static
../Drivers/STM32F4xx_HAL_Driver/Src/STM32F401VE_USART_driver.c:385:10:usart_sr_check_fe	16	static
../Drivers/STM32F4xx_HAL_Driver/Src/STM32F401VE_USART_driver.c:390:10:usart_sr_check_pe	16	static
../Drivers/STM32F4xx_HAL_Driver/Src/STM32F401VE_USART_driver.c:397:6:usart_dr_write	16	static
../Drivers/STM32F4xx_HAL_Driver/Src/STM32F401VE_USART_driver.c:402:10:usart_dr_read	16	static
../Drivers/STM32F4xx_HAL_Driver/Src/STM32F401VE_USART_driver.c:407:6:usart_transmit	16	static
../Drivers/STM32F4xx_HAL_Driver/Src/STM32F401VE_USART_driver.c:413:10:usart_receive	16	static
../Drivers/STM32F4xx_HAL_Driver/Src/STM32F401VE_USART_driver.c:421:6:usart_enable_interrupt	16	static
../Drivers/STM32F4xx_HAL_Driver/Src/STM32F401VE_USART_driver.c:426:6:usart_clear_interrupt	4	static
