../Core/Src/USART_smart_home.c:10:6:smarthome_initialize	136	static
../Core/Src/USART_smart_home.c:121:6:smarthome_configure_interrupts	8	static
../Core/Src/USART_smart_home.c:132:6:smarthome_change_state	16	static
../Core/Src/USART_smart_home.c:145:6:smarthome_change_device_state	16	static
../Core/Src/USART_smart_home.c:171:6:smarthome_change_temperature	24	static
../Core/Src/USART_smart_home.c:177:6:smarthome_send_temperature	4	static
../Core/Src/USART_smart_home.c:182:6:smarthome_send_device_state	24	static
../Core/Src/USART_smart_home.c:213:6:smarthome_send_requested	24	static
../Core/Src/USART_smart_home.c:269:6:USART1_IRQHandler	16	static
../Core/Src/USART_smart_home.c:284:6:EXTI0_IRQHandler	16	static
../Core/Src/USART_smart_home.c:290:6:EXTI3_IRQHandler	16	static
../Core/Src/USART_smart_home.c:296:6:EXTI4_IRQHandler	16	static
