../Drivers/STM32F4xx_HAL_Driver/Src/STM32F401VE_SPI_driver.c:10:6:spi_choose_type	16	static
../Drivers/STM32F4xx_HAL_Driver/Src/STM32F401VE_SPI_driver.c:33:6:spi_configure_cr1	24	static
../Drivers/STM32F4xx_HAL_Driver/Src/STM32F401VE_SPI_driver.c:50:6:spi_configure_cr2	24	static
../Drivers/STM32F4xx_HAL_Driver/Src/STM32F401VE_SPI_driver.c:61:6:spi_configure	96	static
../Drivers/STM32F4xx_HAL_Driver/Src/STM32F401VE_SPI_driver.c:71:6:spi_cr1_configure_bidimode	16	static
../Drivers/STM32F4xx_HAL_Driver/Src/STM32F401VE_SPI_driver.c:77:6:spi_cr1_configure_bidioe	16	static
../Drivers/STM32F4xx_HAL_Driver/Src/STM32F401VE_SPI_driver.c:83:6:spi_cr1_configure_crcen	16	static
../Drivers/STM32F4xx_HAL_Driver/Src/STM32F401VE_SPI_driver.c:89:6:spi_cr1_configure_crcnext	16	static
../Drivers/STM32F4xx_HAL_Driver/Src/STM32F401VE_SPI_driver.c:95:6:spi_cr1_configure_dff	16	static
../Drivers/STM32F4xx_HAL_Driver/Src/STM32F401VE_SPI_driver.c:101:6:spi_cr1_configure_rxonly	16	static
../Drivers/STM32F4xx_HAL_Driver/Src/STM32F401VE_SPI_driver.c:107:6:spi_cr1_configure_ssm	16	static
../Drivers/STM32F4xx_HAL_Driver/Src/STM32F401VE_SPI_driver.c:113:6:spi_cr1_configure_ssi	16	static
../Drivers/STM32F4xx_HAL_Driver/Src/STM32F401VE_SPI_driver.c:119:6:spi_cr1_configure_lsbfirst	16	static
../Drivers/STM32F4xx_HAL_Driver/Src/STM32F401VE_SPI_driver.c:125:6:spi_cr1_configure_spe	16	static
../Drivers/STM32F4xx_HAL_Driver/Src/STM32F401VE_SPI_driver.c:131:6:spi_cr1_configure_br	16	static
../Drivers/STM32F4xx_HAL_Driver/Src/STM32F401VE_SPI_driver.c:137:6:spi_cr1_configure_mstr	16	static
../Drivers/STM32F4xx_HAL_Driver/Src/STM32F401VE_SPI_driver.c:143:6:spi_cr1_configure_cpol	16	static
../Drivers/STM32F4xx_HAL_Driver/Src/STM32F401VE_SPI_driver.c:149:6:spi_cr1_configure_cpha	16	static
../Drivers/STM32F4xx_HAL_Driver/Src/STM32F401VE_SPI_driver.c:155:6:spi_cr2_configure_txeie	16	static
../Drivers/STM32F4xx_HAL_Driver/Src/STM32F401VE_SPI_driver.c:161:6:spi_cr2_configure_rxneie	16	static
../Drivers/STM32F4xx_HAL_Driver/Src/STM32F401VE_SPI_driver.c:167:6:spi_cr2_configure_errie	16	static
../Drivers/STM32F4xx_HAL_Driver/Src/STM32F401VE_SPI_driver.c:173:6:spi_cr2_configure_frf	16	static
../Drivers/STM32F4xx_HAL_Driver/Src/STM32F401VE_SPI_driver.c:179:6:spi_cr2_configure_ssoe	16	static
../Drivers/STM32F4xx_HAL_Driver/Src/STM32F401VE_SPI_driver.c:185:6:spi_cr2_configure_txdmaen	16	static
../Drivers/STM32F4xx_HAL_Driver/Src/STM32F401VE_SPI_driver.c:191:6:spi_cr2_configure_rxdmaen	16	static
